Component: ARM Compiler 5.06 update 6 (build 750) Tool: armlink [4d35ed]

==============================================================================

Section Cross References

    stm32f1xx_hal_msp.o(i.HAL_MspInit) refers to stm32f1xx_hal_cortex.o(i.HAL_NVIC_SetPriorityGrouping) for HAL_NVIC_SetPriorityGrouping
    stm32f1xx_hal_msp.o(i.HAL_MspInit) refers to stm32f1xx_hal_cortex.o(i.HAL_NVIC_SetPriority) for HAL_NVIC_SetPriority
    main.o(i.Creat_Single) refers to dfltui.o(.text) for __aeabi_ui2d
    main.o(i.Creat_Single) refers to dmul.o(.text) for __aeabi_dmul
    main.o(i.Creat_Single) refers to ddiv.o(.text) for __aeabi_ddiv
    main.o(i.Creat_Single) refers to sin.o(i.sin) for sin
    main.o(i.Creat_Single) refers to dscalb.o(.text) for __ARM_scalbn
    main.o(i.Creat_Single) refers to dadd.o(.text) for __aeabi_dadd
    main.o(i.Creat_Single) refers to d2f.o(.text) for __aeabi_d2f
    main.o(i.Creat_Single) refers to ffixi.o(.text) for __aeabi_f2iz
    main.o(i.Creat_Single) refers to main.o(.bss) for .bss
    main.o(i.GetPowerMag) refers to fflti.o(.text) for __aeabi_i2f
    main.o(i.GetPowerMag) refers to fscalb.o(.text) for __ARM_scalbnf
    main.o(i.GetPowerMag) refers to fmul.o(.text) for __aeabi_fmul
    main.o(i.GetPowerMag) refers to fadd.o(.text) for __aeabi_fadd
    main.o(i.GetPowerMag) refers to f2d.o(.text) for __aeabi_f2d
    main.o(i.GetPowerMag) refers to sqrt.o(i.sqrt) for sqrt
    main.o(i.GetPowerMag) refers to dscalb.o(.text) for __ARM_scalbn
    main.o(i.GetPowerMag) refers to d2f.o(.text) for __aeabi_d2f
    main.o(i.GetPowerMag) refers to ffixui.o(.text) for __aeabi_f2uiz
    main.o(i.GetPowerMag) refers to main.o(.bss) for .bss
    main.o(i.HAL_ADC_ConvCpltCallback) refers to stm32f1xx_hal_adc.o(i.HAL_ADC_Stop_DMA) for HAL_ADC_Stop_DMA
    main.o(i.HAL_ADC_ConvCpltCallback) refers to cr4_fft_256_stm32.o(.text) for cr4_fft_256_stm32
    main.o(i.HAL_ADC_ConvCpltCallback) refers to main.o(i.GetPowerMag) for GetPowerMag
    main.o(i.HAL_ADC_ConvCpltCallback) refers to main.o(i.display3) for display3
    main.o(i.HAL_ADC_ConvCpltCallback) refers to main.o(i.display1) for display1
    main.o(i.HAL_ADC_ConvCpltCallback) refers to main.o(i.display2) for display2
    main.o(i.HAL_ADC_ConvCpltCallback) refers to main.o(i.display4) for display4
    main.o(i.HAL_ADC_ConvCpltCallback) refers to stm32f1xx_hal_adc.o(i.HAL_ADC_Start_DMA) for HAL_ADC_Start_DMA
    main.o(i.HAL_ADC_ConvCpltCallback) refers to adc.o(.bss) for hadc1
    main.o(i.HAL_ADC_ConvCpltCallback) refers to main.o(.bss) for .bss
    main.o(i.HAL_ADC_ConvCpltCallback) refers to main.o(.data) for .data
    main.o(i.Key_Scan) refers to stm32f1xx_hal_gpio.o(i.HAL_GPIO_ReadPin) for HAL_GPIO_ReadPin
    main.o(i.Key_Scan) refers to stm32f1xx_hal.o(i.HAL_Delay) for HAL_Delay
    main.o(i.Key_Scan) refers to font5_7.o(i.GUI_PutString) for GUI_PutString
    main.o(i.Key_Scan) refers to lcmdrv.o(i.GUI_Exec) for GUI_Exec
    main.o(i.Key_Scan) refers to main.o(.data) for .data
    main.o(i.SystemClock_Config) refers to stm32f1xx_hal_rcc.o(i.HAL_RCC_OscConfig) for HAL_RCC_OscConfig
    main.o(i.SystemClock_Config) refers to stm32f1xx_hal_rcc.o(i.HAL_RCC_ClockConfig) for HAL_RCC_ClockConfig
    main.o(i.SystemClock_Config) refers to stm32f1xx_hal_rcc_ex.o(i.HAL_RCCEx_PeriphCLKConfig) for HAL_RCCEx_PeriphCLKConfig
    main.o(i.SystemClock_Config) refers to stm32f1xx_hal_rcc.o(i.HAL_RCC_GetHCLKFreq) for HAL_RCC_GetHCLKFreq
    main.o(i.SystemClock_Config) refers to stm32f1xx_hal_cortex.o(i.HAL_SYSTICK_Config) for HAL_SYSTICK_Config
    main.o(i.SystemClock_Config) refers to stm32f1xx_hal_cortex.o(i.HAL_SYSTICK_CLKSourceConfig) for HAL_SYSTICK_CLKSourceConfig
    main.o(i.SystemClock_Config) refers to stm32f1xx_hal_cortex.o(i.HAL_NVIC_SetPriority) for HAL_NVIC_SetPriority
    main.o(i.display1) refers to memseta.o(.text) for __aeabi_memclr4
    main.o(i.display1) refers to lcmdrv.o(i.GUI_ClearSCR) for GUI_ClearSCR
    main.o(i.display1) refers to gui_basic.o(i.GUI_LineWith) for GUI_LineWith
    main.o(i.display1) refers to fflti.o(.text) for __aeabi_i2f
    main.o(i.display1) refers to fscalb.o(.text) for __ARM_scalbnf
    main.o(i.display1) refers to f2d.o(.text) for __aeabi_f2d
    main.o(i.display1) refers to printfa.o(i.__0sprintf) for __2sprintf
    main.o(i.display1) refers to font5_7.o(i.GUI_PutString) for GUI_PutString
    main.o(i.display1) refers to lcmdrv.o(i.GUI_Exec) for GUI_Exec
    main.o(i.display1) refers to main.o(.bss) for .bss
    main.o(i.display1) refers to main.o(.data) for .data
    main.o(i.display2) refers to memseta.o(.text) for __aeabi_memclr4
    main.o(i.display2) refers to lcmdrv.o(i.GUI_ClearSCR) for GUI_ClearSCR
    main.o(i.display2) refers to lcmdrv.o(i.GUI_RLine) for GUI_RLine
    main.o(i.display2) refers to printfa.o(i.__0sprintf) for __2sprintf
    main.o(i.display2) refers to font5_7.o(i.GUI_PutString) for GUI_PutString
[...]
    Removing stm32f1xx_hal_adc.o(i.HAL_ADC_DeInit), (228 bytes).
    Removing stm32f1xx_hal_adc.o(i.HAL_ADC_GetError), (4 bytes).
    Removing stm32f1xx_hal_adc.o(i.HAL_ADC_GetState), (4 bytes).
    Removing stm32f1xx_hal_adc.o(i.HAL_ADC_GetValue), (6 bytes).
    Removing stm32f1xx_hal_adc.o(i.HAL_ADC_IRQHandler), (230 bytes).
    Removing stm32f1xx_hal_adc.o(i.HAL_ADC_LevelOutOfWindowCallback), (2 bytes).
    Removing stm32f1xx_hal_adc.o(i.HAL_ADC_MspDeInit), (2 bytes).
    Removing stm32f1xx_hal_adc.o(i.HAL_ADC_MspInit), (2 bytes).
    Removing stm32f1xx_hal_adc.o(i.HAL_ADC_PollForConversion), (304 bytes).
    Removing stm32f1xx_hal_adc.o(i.HAL_ADC_PollForEvent), (84 bytes).
    Removing stm32f1xx_hal_adc.o(i.HAL_ADC_Start), (192 bytes).
    Removing stm32f1xx_hal_adc.o(i.HAL_ADC_Start_IT), (204 bytes).
    Removing stm32f1xx_hal_adc.o(i.HAL_ADC_Stop), (52 bytes).
    Removing stm32f1xx_hal_adc.o(i.HAL_ADC_Stop_IT), (62 bytes).
    Removing stm32f1xx_hal_adc_ex.o(.rev16_text), (4 bytes).
    Removing stm32f1xx_hal_adc_ex.o(.revsh_text), (4 bytes).
    Removing stm32f1xx_hal_adc_ex.o(.rrx_text), (6 bytes).
    Removing stm32f1xx_hal_adc_ex.o(i.HAL_ADCEx_Calibration_Start), (200 bytes).
    Removing stm32f1xx_hal_adc_ex.o(i.HAL_ADCEx_InjectedConfigChannel), (568 bytes).
    Removing stm32f1xx_hal_adc_ex.o(i.HAL_ADCEx_InjectedConvCpltCallback), (2 bytes).
    Removing stm32f1xx_hal_adc_ex.o(i.HAL_ADCEx_InjectedGetValue), (30 bytes).
    Removing stm32f1xx_hal_adc_ex.o(i.HAL_ADCEx_InjectedPollForConversion), (292 bytes).
    Removing stm32f1xx_hal_adc_ex.o(i.HAL_ADCEx_InjectedStart), (168 bytes).
    Removing stm32f1xx_hal_adc_ex.o(i.HAL_ADCEx_InjectedStart_IT), (180 bytes).
    Removing stm32f1xx_hal_adc_ex.o(i.HAL_ADCEx_InjectedStop), (78 bytes).
    Removing stm32f1xx_hal_adc_ex.o(i.HAL_ADCEx_InjectedStop_IT), (88 bytes).
    Removing stm32f1xx_hal_adc_ex.o(i.HAL_ADCEx_MultiModeConfigChannel), (100 bytes).
    Removing stm32f1xx_hal_adc_ex.o(i.HAL_ADCEx_MultiModeGetValue), (32 bytes).
    Removing stm32f1xx_hal_adc_ex.o(i.HAL_ADCEx_MultiModeStart_DMA), (232 bytes).
    Removing stm32f1xx_hal_adc_ex.o(i.HAL_ADCEx_MultiModeStop_DMA), (124 bytes).
    Removing startup_stm32f103xb.o(HEAP), (512 bytes).
    Removing font5_7.o(i.GUI_PutNoStr), (48 bytes).
    Removing font8_8.o(i.GUI_PutChar8_8), (132 bytes).
    Removing font8_8.o(i.GUI_PutNoStr8_8), (48 bytes).
    Removing font8_8.o(i.GUI_PutString8_8), (34 bytes).
    Removing font8_8.o(.constdata), (768 bytes).
    Removing font24_32.o(i.GUI_PutChar24_32), (156 bytes).
    Removing font24_32.o(.constdata), (1456 bytes).
    Removing gui_basic.o(i.GUI_Arc), (1078 bytes).
    Removing gui_basic.o(i.GUI_Arc4), (504 bytes).
    Removing gui_basic.o(i.GUI_Circle), (450 bytes).
    Removing gui_basic.o(i.GUI_CircleFill), (640 bytes).
    Removing gui_basic.o(i.GUI_CmpPointColor), (26 bytes).
    Removing gui_basic.o(i.GUI_Ellipse), (480 bytes).
    Removing gui_basic.o(i.GUI_EllipseFill), (548 bytes).
    Removing gui_basic.o(i.GUI_FloodFill), (738 bytes).
    Removing gui_basic.o(i.GUI_Line), (200 bytes).
    Removing gui_basic.o(i.GUI_LineS), (70 bytes).
    Removing gui_basic.o(i.GUI_Pieslice), (1208 bytes).
    Removing gui_basic.o(i.GUI_ReadLeftPoint), (74 bytes).
    Removing gui_basic.o(i.GUI_ReadRightPoint), (48 bytes).
    Removing gui_basic.o(i.GUI_Rectangle), (68 bytes).
    Removing gui_basic.o(i.GUI_RectangleFill), (94 bytes).
    Removing gui_basic.o(i.GUI_Square), (30 bytes).
    Removing gui_stockc.o(i.GUI_ExchangeColor), (16 bytes).
    Removing gui_stockc.o(i.GUI_GetBackColor), (12 bytes).
    Removing gui_stockc.o(i.GUI_GetDispColor), (12 bytes).
    Removing lcmdrv.o(.rev16_text), (4 bytes).
    Removing lcmdrv.o(.revsh_text), (4 bytes).
    Removing lcmdrv.o(.rrx_text), (6 bytes).
    Removing lcmdrv.o(i.GUI_FillSCR), (20 bytes).
    Removing lcmdrv.o(i.GUI_ReadPoint), (4 bytes).
    Removing loadbit.o(i.GUI_LoadLine), (108 bytes).
    Removing loadbit.o(i.GUI_LoadPic), (54 bytes).
    Removing loadbit.o(i.GUI_LoadPic1), (62 bytes).
    Removing loadbit.o(i.GUI_PutHZ), (56 bytes).
    Removing menu.o(i.GUI_Button49x14), (14 bytes).
    Removing menu.o(i.GUI_Button_Cancle), (20 bytes).
    Removing menu.o(i.GUI_Button_Cancle1), (20 bytes).
    Removing menu.o(i.GUI_Button_OK), (20 bytes).
    Removing menu.o(i.GUI_Button_OK1), (20 bytes).
    Removing menu.o(i.GUI_MMenuDraw), (144 bytes).
    Removing menu.o(i.GUI_MMenuNSelect), (64 bytes).
    Removing menu.o(i.GUI_MMenuSelect), (64 bytes).
    Removing menu.o(i.GUI_MenuIcoDraw), (108 bytes).
    Removing menu.o(i.GUI_SMenuDraw), (368 bytes).
    Removing menu.o(i.GUI_SMenuHide), (156 bytes).
    Removing menu.o(i.GUI_SMenuSelect), (200 bytes).
    Removing menu.o(.constdata), (392 bytes).
    Removing spline.o(i.CURVE_GetCount), (12 bytes).
    Removing spline.o(i.CURVE_GetCurve), (304 bytes).
    Removing spline.o(i.CURVE_SetCurve), (80 bytes).
    Removing spline.o(i.GUI_Spline), (64 bytes).
    Removing spline.o(i.SPLINE_Generate), (544 bytes).
    Removing spline.o(i.SPLINE_GetCurve), (88 bytes).
    Removing spline.o(i.SPLINE_GetCurveCount), (72 bytes).
    Removing spline.o(i.SPLINE_MatrixSolve), (294 bytes).
    Removing spline.o(i.SPLINE_SetSpline), (56 bytes).
    Removing spline.o(i.abs), (8 bytes).
    Removing spline.o(i.max), (8 bytes).
    Removing windows.o(i.GUI_WindowsClr), (64 bytes).
    Removing windows.o(i.GUI_WindowsDraw), (320 bytes).
    Removing windows.o(i.GUI_WindowsHide), (60 bytes).
    Removing fdiv.o(.text), (124 bytes).
    Removing ffltui.o(.text), (10 bytes).
    Removing dflti.o(.text), (34 bytes).
    Removing dfltui.o(.text), (26 bytes).
    Removing ffixi.o(.text), (50 bytes).
    Removing dfixi.o(.text), (62 bytes).
    Removing cdcmple.o(.text), (48 bytes).

447 unused section(s) (total 48104 bytes) removed from the image.

==============================================================================

Image Symbol Table

    Local Symbols

    Symbol Name                              Value     Ov Type        Size  Object(Section)

    ../Drivers/STM32F1xx_HAL_Driver/Src/stm32f1xx_hal.c 0x00000000   Number         0  stm32f1xx_hal.o ABSOLUTE
    ../Drivers/STM32F1xx_HAL_Driver/Src/stm32f1xx_hal_adc.c 0x00000000   Number         0  stm32f1xx_hal_adc.o ABSOLUTE
    ../Drivers/STM32F1xx_HAL_Driver/Src/stm32f1xx_hal_adc_ex.c 0x00000000   Number         0  stm32f1xx_hal_adc_ex.o ABSOLUTE
    ../Drivers/STM32F1xx_HAL_Driver/Src/stm32f1xx_hal_cortex.c 0x00000000   Number         0  stm32f1xx_hal_cortex.o ABSOLUTE
    ../Drivers/STM32F1xx_HAL_Driver/Src/stm32f1xx_hal_dma.c 0x00000000   Number         0  stm32f1xx_hal_dma.o ABSOLUTE
    ../Drivers/STM32F1xx_HAL_Driver/Src/stm32f1xx_hal_flash.c 0x00000000   Number         0  stm32f1xx_hal_flash.o ABSOLUTE
    ../Drivers/STM32F1xx_HAL_Driver/Src/stm32f1xx_hal_flash_ex.c 0x00000000   Number         0  stm32f1xx_hal_flash_ex.o ABSOLUTE
    ../Drivers/STM32F1xx_HAL_Driver/Src/stm32f1xx_hal_gpio.c 0x00000000   Number         0  stm32f1xx_hal_gpio.o ABSOLUTE
    ../Drivers/STM32F1xx_HAL_Driver/Src/stm32f1xx_hal_gpio_ex.c 0x00000000   Number         0  stm32f1xx_hal_gpio_ex.o ABSOLUTE
    ../Drivers/STM32F1xx_HAL_Driver/Src/stm32f1xx_hal_pwr.c 0x00000000   Number         0  stm32f1xx_hal_pwr.o ABSOLUTE
    ../Drivers/STM32F1xx_HAL_Driver/Src/stm32f1xx_hal_rcc.c 0x00000000   Number         0  stm32f1xx_hal_rcc.o ABSOLUTE
    ../Drivers/STM32F1xx_HAL_Driver/Src/stm32f1xx_hal_rcc_ex.c 0x00000000   Number         0  stm32f1xx_hal_rcc_ex.o ABSOLUTE
    ../Drivers/STM32F1xx_HAL_Driver/Src/stm32f1xx_hal_tim.c 0x00000000   Number         0  stm32f1xx_hal_tim.o ABSOLUTE
    ../Drivers/STM32F1xx_HAL_Driver/Src/stm32f1xx_hal_tim_ex.c 0x00000000   Number         0  stm32f1xx_hal_tim_ex.o ABSOLUTE
    ../Drivers/STM32F1xx_HAL_Driver/Src/stm32f1xx_hal_uart.c 0x00000000   Number         0  stm32f1xx_hal_uart.o ABSOLUTE
    ../Src/adc.c                             0x00000000   Number         0  adc.o ABSOLUTE
    ../Src/dma.c                             0x00000000   Number         0  dma.o ABSOLUTE
    ../Src/gpio.c                            0x00000000   Number         0  gpio.o ABSOLUTE
    ../Src/main.c                            0x00000000   Number         0  main.o ABSOLUTE
    ../Src/stm32f1xx_hal_msp.c               0x00000000   Number         0  stm32f1xx_hal_msp.o ABSOLUTE
    ../Src/stm32f1xx_it.c                    0x00000000   Number         0  stm32f1xx_it.o ABSOLUTE
    ../Src/system_stm32f1xx.c                0x00000000   Number         0  system_stm32f1xx.o ABSOLUTE
    ../Src/tim.c                             0x00000000   Number         0  tim.o ABSOLUTE
    ../Src/usart.c                           0x00000000   Number         0  usart.o ABSOLUTE
    ../clib/microlib/division.c              0x00000000   Number         0  uldiv.o ABSOLUTE
    ../clib/microlib/division.c              0x00000000   Number         0  uidiv.o ABSOLUTE
    ../clib/microlib/errno.c                 0x00000000   Number         0  errno.o ABSOLUTE
    ../clib/microlib/init/entry.s            0x00000000   Number         0  entry10b.o ABSOLUTE
    ../clib/microlib/init/entry.s            0x00000000   Number         0  entry7a.o ABSOLUTE
    ../clib/microlib/init/entry.s            0x00000000   Number         0  entry11b.o ABSOLUTE
    ../clib/microlib/init/entry.s            0x00000000   Number         0  entry11a.o ABSOLUTE
    ../clib/microlib/init/entry.s            0x00000000   Number         0  entry5.o ABSOLUTE
    ../clib/microlib/init/entry.s            0x00000000   Number         0  entry10a.o ABSOLUTE
    ../clib/microlib/init/entry.s            0x00000000   Number         0  entry9b.o ABSOLUTE
    ../clib/microlib/init/entry.s            0x00000000   Number         0  entry9a.o ABSOLUTE
    ../clib/microlib/init/entry.s            0x00000000   Number         0  entry2.o ABSOLUTE
    ../clib/microlib/init/entry.s            0x00000000   Number         0  entry8a.o ABSOLUTE
    ../clib/microlib/init/entry.s            0x00000000   Number         0  entry8b.o ABSOLUTE
    ../clib/microlib/init/entry.s            0x00000000   Number         0  entry7b.o ABSOLUTE
    ../clib/microlib/init/entry.s            0x00000000   Number         0  entry.o ABSOLUTE
    ../clib/microlib/longlong.c              0x00000000   Number         0  llshl.o ABSOLUTE
    ../clib/microlib/longlong.c              0x00000000   Number         0  llsshr.o ABSOLUTE
    ../clib/microlib/longlong.c              0x00000000   Number         0  llushr.o ABSOLUTE
    ../clib/microlib/printf/printf.c         0x00000000   Number         0  printf1.o ABSOLUTE
    ../clib/microlib/printf/printf.c         0x00000000   Number         0  printf8.o ABSOLUTE
    ../clib/microlib/printf/printf.c         0x00000000   Number         0  printf3.o ABSOLUTE
    ../clib/microlib/printf/printf.c         0x00000000   Number         0  printf0.o ABSOLUTE
    ../clib/microlib/printf/printf.c         0x00000000   Number         0  printf7.o ABSOLUTE
    ../clib/microlib/printf/printf.c         0x00000000   Number         0  printfa.o ABSOLUTE
    ../clib/microlib/printf/printf.c         0x00000000   Number         0  printf2.o ABSOLUTE
    ../clib/microlib/printf/printf.c         0x00000000   Number         0  printf5.o ABSOLUTE
    ../clib/microlib/printf/printf.c         0x00000000   Number         0  printf4.o ABSOLUTE
    ../clib/microlib/printf/printf.c         0x00000000   Number         0  printf6.o ABSOLUTE
    ../clib/microlib/printf/printf.c         0x00000000   Number         0  printfb.o ABSOLUTE
    ../clib/microlib/printf/stubs.s          0x00000000   Number         0  stubs.o ABSOLUTE
    ../clib/microlib/stdio/streams.c         0x00000000   Number         0  stdout.o ABSOLUTE
    ../clib/microlib/string/memset.c         0x00000000   Number         0  memseta.o ABSOLUTE
    ../clib/microlib/stubs.s                 0x00000000   Number         0  iusefp.o ABSOLUTE
    ../fplib/microlib/d2f.c                  0x00000000   Number         0  d2f.o ABSOLUTE
    ../fplib/microlib/f2d.c                  0x00000000   Number         0  f2d.o ABSOLUTE
    ../fplib/microlib/fpadd.c                0x00000000   Number         0  fadd.o ABSOLUTE
    ../fplib/microlib/fpadd.c                0x00000000   Number         0  dadd.o ABSOLUTE
    ../fplib/microlib/fpdiv.c                0x00000000   Number         0  ddiv.o ABSOLUTE
    ../fplib/microlib/fpdiv.c                0x00000000   Number         0  fdiv.o ABSOLUTE
    ../fplib/microlib/fpepilogue.c           0x00000000   Number         0  fepilogue.o ABSOLUTE
    ../fplib/microlib/fpepilogue.c           0x00000000   Number         0  depilogue.o ABSOLUTE
    ../fplib/microlib/fpfix.c                0x00000000   Number         0  ffixi.o ABSOLUTE
    ../fplib/microlib/fpfix.c                0x00000000   Number         0  ffixui.o ABSOLUTE
    ../fplib/microlib/fpfix.c                0x00000000   Number         0  dfixi.o ABSOLUTE
    ../fplib/microlib/fpfix.c                0x00000000   Number         0  dfixul.o ABSOLUTE
    ../fplib/microlib/fpflt.c                0x00000000   Number         0  fflti.o ABSOLUTE
    ../fplib/microlib/fpflt.c                0x00000000   Number         0  ffltui.o ABSOLUTE
    ../fplib/microlib/fpflt.c                0x00000000   Number         0  dflti.o ABSOLUTE
    ../fplib/microlib/fpflt.c                0x00000000   Number         0  dfltui.o ABSOLUTE
    ../fplib/microlib/fpmul.c                0x00000000   Number         0  fmul.o ABSOLUTE
    ../fplib/microlib/fpmul.c                0x00000000   Number         0  dmul.o ABSOLUTE
    ../fplib/microlib/fpscalb.c              0x00000000   Number         0  dscalb.o ABSOLUTE
    ../fplib/microlib/fpscalb.c              0x00000000   Number         0  fscalb.o ABSOLUTE
    ../fplib/microlib/fpsqrt.c               0x00000000   Number         0  dsqrt.o ABSOLUTE
    ../mathlib/cos_i.c                       0x00000000   Number         0  cos_i.o ABSOLUTE
    ../mathlib/dunder.c                      0x00000000   Number         0  dunder.o ABSOLUTE
    ../mathlib/fpclassify.c                  0x00000000   Number         0  fpclassify.o ABSOLUTE
    ../mathlib/poly.c                        0x00000000   Number         0  poly.o ABSOLUTE
    ../mathlib/rred.c                        0x00000000   Number         0  rred.o ABSOLUTE
    ../mathlib/sin.c                         0x00000000   Number         0  sin.o ABSOLUTE
    ../mathlib/sin.c                         0x00000000   Number         0  sin_x.o ABSOLUTE
    ../mathlib/sin_i.c                       0x00000000   Number         0  sin_i_x.o ABSOLUTE
    ../mathlib/sin_i.c                       0x00000000   Number         0  sin_i.o ABSOLUTE
    ../mathlib/sqrt.c                        0x00000000   Number         0  sqrt.o ABSOLUTE
    ../mathlib/sqrt.c                        0x00000000   Number         0  sqrt_x.o ABSOLUTE
    ..\Drivers\STM32F1xx_HAL_Driver\Src\stm32f1xx_hal.c 0x00000000   Number         0  stm32f1xx_hal.o ABSOLUTE
    ..\Drivers\STM32F1xx_HAL_Driver\Src\stm32f1xx_hal_adc.c 0x00000000   Number         0  stm32f1xx_hal_adc.o ABSOLUTE
    ..\Drivers\STM32F1xx_HAL_Driver\Src\stm32f1xx_hal_adc_ex.c 0x00000000   Number         0  stm32f1xx_hal_adc_ex.o ABSOLUTE
    ..\Drivers\STM32F1xx_HAL_Driver\Src\stm32f1xx_hal_cortex.c 0x00000000   Number         0  stm32f1xx_hal_cortex.o ABSOLUTE
    ..\Drivers\STM32F1xx_HAL_Driver\Src\stm32f1xx_hal_dma.c 0x00000000   Number         0  stm32f1xx_hal_dma.o ABSOLUTE
    ..\Drivers\STM32F1xx_HAL_Driver\Src\stm32f1xx_hal_flash.c 0x00000000   Number         0  stm32f1xx_hal_flash.o ABSOLUTE
    ..\Drivers\STM32F1xx_HAL_Driver\Src\stm32f1xx_hal_flash_ex.c 0x00000000   Number         0  stm32f1xx_hal_flash_ex.o ABSOLUTE
    ..\Drivers\STM32F1xx_HAL_Driver\Src\stm32f1xx_hal_gpio.c 0x00000000   Number         0  stm32f1xx_hal_gpio.o ABSOLUTE
    ..\Drivers\STM32F1xx_HAL_Driver\Src\stm32f1xx_hal_gpio_ex.c 0x00000000   Number         0  stm32f1xx_hal_gpio_ex.o ABSOLUTE
    ..\Drivers\STM32F1xx_HAL_Driver\Src\stm32f1xx_hal_pwr.c 0x00000000   Number         0  stm32f1xx_hal_pwr.o ABSOLUTE
    ..\Drivers\STM32F1xx_HAL_Driver\Src\stm32f1xx_hal_rcc.c 0x00000000   Number         0  stm32f1xx_hal_rcc.o ABSOLUTE
    ..\Drivers\STM32F1xx_HAL_Driver\Src\stm32f1xx_hal_rcc_ex.c 0x00000000   Number         0  stm32f1xx_hal_rcc_ex.o ABSOLUTE
    ..\Drivers\STM32F1xx_HAL_Driver\Src\stm32f1xx_hal_tim.c 0x00000000   Number         0  stm32f1xx_hal_tim.o ABSOLUTE
    ..\Drivers\STM32F1xx_HAL_Driver\Src\stm32f1xx_hal_tim_ex.c 0x00000000   Number         0  stm32f1xx_hal_tim_ex.o ABSOLUTE
    ..\Drivers\STM32F1xx_HAL_Driver\Src\stm32f1xx_hal_uart.c 0x00000000   Number         0  stm32f1xx_hal_uart.o ABSOLUTE
    ..\Src\adc.c                             0x00000000   Number         0  adc.o ABSOLUTE
    ..\Src\cr4_fft_1024_stm32.s              0x00000000   Number         0  cr4_fft_1024_stm32.o ABSOLUTE
    ..\Src\cr4_fft_256_stm32.s               0x00000000   Number         0  cr4_fft_256_stm32.o ABSOLUTE
    ..\Src\dma.c                             0x00000000   Number         0  dma.o ABSOLUTE
    ..\Src\gpio.c                            0x00000000   Number         0  gpio.o ABSOLUTE
    ..\Src\main.c                            0x00000000   Number         0  main.o ABSOLUTE
    ..\Src\oled.c                            0x00000000   Number         0  oled.o ABSOLUTE
    ..\Src\stm32f1xx_hal_msp.c               0x00000000   Number         0  stm32f1xx_hal_msp.o ABSOLUTE
    ..\Src\stm32f1xx_it.c                    0x00000000   Number         0  stm32f1xx_it.o ABSOLUTE
    ..\Src\system_stm32f1xx.c                0x00000000   Number         0  system_stm32f1xx.o ABSOLUTE
    ..\Src\tim.c                             0x00000000   Number         0  tim.o ABSOLUTE
    ..\Src\usart.c                           0x00000000   Number         0  usart.o ABSOLUTE
    ..\ZLG_GUI\ConvertColor.c                0x00000000   Number         0  convertcolor.o ABSOLUTE
    ..\ZLG_GUI\FONT24_32.C                   0x00000000   Number         0  font24_32.o ABSOLUTE
    ..\ZLG_GUI\FONT8_8.C                     0x00000000   Number         0  font8_8.o ABSOLUTE
    ..\ZLG_GUI\GUI_BASIC.C                   0x00000000   Number         0  gui_basic.o ABSOLUTE
    ..\ZLG_GUI\GUI_StockC.C                  0x00000000   Number         0  gui_stockc.o ABSOLUTE
    ..\ZLG_GUI\font5_7.c                     0x00000000   Number         0  font5_7.o ABSOLUTE
    ..\ZLG_GUI\lcmdrv.c                      0x00000000   Number         0  lcmdrv.o ABSOLUTE
    ..\ZLG_GUI\loadbit.c                     0x00000000   Number         0  loadbit.o ABSOLUTE
    ..\ZLG_GUI\menu.c                        0x00000000   Number         0  menu.o ABSOLUTE
    ..\ZLG_GUI\spline.c                      0x00000000   Number         0  spline.o ABSOLUTE
    ..\ZLG_GUI\windows.c                     0x00000000   Number         0  windows.o ABSOLUTE
    ..\\Src\\oled.c                          0x00000000   Number         0  oled.o ABSOLUTE
    ..\\ZLG_GUI\\lcmdrv.c                    0x00000000   Number         0  lcmdrv.o ABSOLUTE
    cdcmple.s                                0x00000000   Number         0  cdcmple.o ABSOLUTE
    cdrcmple.s                               0x00000000   Number         0  cdrcmple.o ABSOLUTE
    dc.s                                     0x00000000   Number         0  dc.o ABSOLUTE
    handlers.s                               0x00000000   Number         0  handlers.o ABSOLUTE
    init.s                                   0x00000000   Number         0  init.o ABSOLUTE
    startup_stm32f103xb.s                    0x00000000   Number         0  startup_stm32f103xb.o ABSOLUTE
    RESET                                    0x08000000   Section      236  startup_stm32f103xb.o(RESET)
    .ARM.Collect$$$$00000000                 0x080000ec   Section        0  entry.o(.ARM.Collect$$$$00000000)
    .ARM.Collect$$$$00000001                 0x080000ec   Section        4  entry2.o(.ARM.Collect$$$$00000001)
    .ARM.Collect$$$$00000004                 0x080000f0   Section        4  entry5.o(.ARM.Collect$$$$00000004)
    .ARM.Collect$$$$00000008                 0x080000f4   Section        0  entry7b.o(.ARM.Collect$$$$00000008)
    .ARM.Collect$$$$0000000A                 0x080000f4   Section        0  entry8b.o(.ARM.Collect$$$$0000000A)
    .ARM.Collect$$$$0000000B                 0x080000f4   Section        8  entry9a.o(.ARM.Collect$$$$0000000B)
    .ARM.Collect$$$$0000000D                 0x080000fc   Section        0  entry10a.o(.ARM.Collect$$$$0000000D)
    .ARM.Collect$$$$0000000F                 0x080000fc   Section        0  entry11a.o(.ARM.Collect$$$$0000000F)
    .ARM.Collect$$$$00002712                 0x080000fc   Section        4  entry2.o(.ARM.Collect$$$$00002712)
    __lit__00000000                          0x080000fc   Data           4  entry2.o(.ARM.Collect$$$$00002712)
    .text                                    0x08000100   Section     1502  cr4_fft_256_stm32.o(.text)
    .text                                    0x080006e0   Section       36  startup_stm32f103xb.o(.text)
    .text                                    0x08000704   Section        0  llushr.o(.text)
    .text                                    0x08000724   Section        0  memseta.o(.text)
    .text                                    0x08000748   Section        0  fadd.o(.text)
    .text                                    0x080007f8   Section        0  fmul.o(.text)
    .text                                    0x0800085c   Section        0  fscalb.o(.text)
    .text                                    0x08000874   Section        0  dadd.o(.text)
    .text                                    0x080009c2   Section        0  dmul.o(.text)
    .text                                    0x08000aa6   Section        0  ddiv.o(.text)
    .text                                    0x08000b84   Section        0  dscalb.o(.text)
    .text                                    0x08000bb2   Section        0  fflti.o(.text)
    .text                                    0x08000bc4   Section        0  ffixui.o(.text)
    .text                                    0x08000bec   Section        0  f2d.o(.text)
    .text                                    0x08000c12   Section        0  d2f.o(.text)
    .text                                    0x08000c4a   Section        0  uidiv.o(.text)
    .text                                    0x08000c76   Section        0  uldiv.o(.text)
    .text                                    0x08000cd8   Section        0  llshl.o(.text)
    .text                                    0x08000cf6   Section        0  llsshr.o(.text)
    .text                                    0x08000d1a   Section        0  fepilogue.o(.text)
    .text                                    0x08000d1a   Section        0  iusefp.o(.text)
    .text                                    0x08000d88   Section        0  depilogue.o(.text)
    .text                                    0x08000e42   Section        0  dsqrt.o(.text)
    .text                                    0x08000ee4   Section        0  dfixul.o(.text)
    .text                                    0x08000f14   Section       48  cdrcmple.o(.text)
    .text                                    0x08000f44   Section       36  init.o(.text)
    i.ADC_ConversionStop_Disable             0x08000f68   Section        0  stm32f1xx_hal_adc.o(i.ADC_ConversionStop_Disable)
    i.ADC_DMAConvCplt                        0x08000fb4   Section        0  stm32f1xx_hal_adc.o(i.ADC_DMAConvCplt)
    i.ADC_DMAError                           0x08001002   Section        0  stm32f1xx_hal_adc.o(i.ADC_DMAError)
    i.ADC_DMAHalfConvCplt                    0x0800101c   Section        0  stm32f1xx_hal_adc.o(i.ADC_DMAHalfConvCplt)
    i.ADC_Enable                             0x08001028   Section        0  stm32f1xx_hal_adc.o(i.ADC_Enable)
    i.BusFault_Handler                       0x08001098   Section        0  stm32f1xx_it.o(i.BusFault_Handler)
    i.DMA1_Channel1_IRQHandler               0x0800109c   Section        0  stm32f1xx_it.o(i.DMA1_Channel1_IRQHandler)
    i.DMA_SetConfig                          0x080010a8   Section        0  stm32f1xx_hal_dma.o(i.DMA_SetConfig)
    DMA_SetConfig                            0x080010a9   Thumb Code    30  stm32f1xx_hal_dma.o(i.DMA_SetConfig)
    i.DebugMon_Handler                       0x080010c6   Section        0  stm32f1xx_it.o(i.DebugMon_Handler)
    i.Error_Handler                          0x080010c8   Section        0  main.o(i.Error_Handler)
    i.GPIO_Config                            0x080010cc   Section        0  oled.o(i.GPIO_Config)
    i.GUI_ClearSCR                           0x08001134   Section        0  lcmdrv.o(i.GUI_ClearSCR)
    i.GUI_Exec                               0x08001138   Section        0  lcmdrv.o(i.GUI_Exec)
    i.GUI_HLine                              0x0800113c   Section        0  lcmdrv.o(i.GUI_HLine)
    i.GUI_Initialize                         0x08001168   Section        0  lcmdrv.o(i.GUI_Initialize)
    i.GUI_LineWith                           0x0800116c   Section        0  gui_basic.o(i.GUI_LineWith)
    i.GUI_Point                              0x080012b4   Section        0  lcmdrv.o(i.GUI_Point)
    i.GUI_PutChar                            0x080012bc   Section        0  font5_7.o(i.GUI_PutChar)
    i.GUI_PutString                          0x08001340   Section        0  font5_7.o(i.GUI_PutString)
    i.GUI_RLine                              0x08001362   Section        0  lcmdrv.o(i.GUI_RLine)
    i.GUI_SetColor                           0x0800138c   Section        0  gui_stockc.o(i.GUI_SetColor)
    i.GetPowerMag                            0x08001398   Section        0  main.o(i.GetPowerMag)
    i.HAL_ADC_ConfigChannel                  0x08001434   Section        0  stm32f1xx_hal_adc.o(i.HAL_ADC_ConfigChannel)
    i.HAL_ADC_ConvCpltCallback               0x0800159c   Section        0  main.o(i.HAL_ADC_ConvCpltCallback)
    i.HAL_ADC_ConvHalfCpltCallback           0x08001648   Section        0  stm32f1xx_hal_adc.o(i.HAL_ADC_ConvHalfCpltCallback)
    i.HAL_ADC_ErrorCallback                  0x0800164a   Section        0  stm32f1xx_hal_adc.o(i.HAL_ADC_ErrorCallback)
    i.HAL_ADC_Init                           0x0800164c   Section        0  stm32f1xx_hal_adc.o(i.HAL_ADC_Init)
    i.HAL_ADC_MspInit                        0x08001780   Section        0  adc.o(i.HAL_ADC_MspInit)
    i.HAL_ADC_Start_DMA                      0x080017f8   Section        0  stm32f1xx_hal_adc.o(i.HAL_ADC_Start_DMA)
    i.HAL_ADC_Stop_DMA                       0x08001904   Section        0  stm32f1xx_hal_adc.o(i.HAL_ADC_Stop_DMA)
    i.HAL_DMA_Abort                          0x08001950   Section        0  stm32f1xx_hal_dma.o(i.HAL_DMA_Abort)
    i.HAL_DMA_IRQHandler                     0x080019a8   Section        0  stm32f1xx_hal_dma.o(i.HAL_DMA_IRQHandler)
    i.HAL_DMA_Init                           0x08001c14   Section        0  stm32f1xx_hal_dma.o(i.HAL_DMA_Init)
    i.HAL_DMA_Start_IT                       0x08001c64   Section        0  stm32f1xx_hal_dma.o(i.HAL_DMA_Start_IT)
    i.HAL_Delay                              0x08001cbc   Section        0  stm32f1xx_hal.o(i.HAL_Delay)
    i.HAL_GPIO_Init                          0x08001cd4   Section        0  stm32f1xx_hal_gpio.o(i.HAL_GPIO_Init)
    i.HAL_GPIO_ReadPin                       0x08001e90   Section        0  stm32f1xx_hal_gpio.o(i.HAL_GPIO_ReadPin)
    i.HAL_GPIO_WritePin                      0x08001e9a   Section        0  stm32f1xx_hal_gpio.o(i.HAL_GPIO_WritePin)
    i.HAL_GetTick                            0x08001ea4   Section        0  stm32f1xx_hal.o(i.HAL_GetTick)
    i.HAL_IncTick                            0x08001eb0   Section        0  stm32f1xx_hal.o(i.HAL_IncTick)
    i.HAL_Init                               0x08001ec0   Section        0  stm32f1xx_hal.o(i.HAL_Init)
    i.HAL_InitTick                           0x08001ee4   Section        0  stm32f1xx_hal.o(i.HAL_InitTick)
    i.HAL_MspInit                            0x08001f08   Section        0  stm32f1xx_hal_msp.o(i.HAL_MspInit)
    i.HAL_NVIC_EnableIRQ                     0x08001f88   Section        0  stm32f1xx_hal_cortex.o(i.HAL_NVIC_EnableIRQ)
    i.HAL_NVIC_SetPriority                   0x08001fa0   Section        0  stm32f1xx_hal_cortex.o(i.HAL_NVIC_SetPriority)
    i.HAL_NVIC_SetPriorityGrouping           0x08001fe0   Section        0  stm32f1xx_hal_cortex.o(i.HAL_NVIC_SetPriorityGrouping)
    i.HAL_RCCEx_PeriphCLKConfig              0x08002004   Section        0  stm32f1xx_hal_rcc_ex.o(i.HAL_RCCEx_PeriphCLKConfig)
    i.HAL_RCC_ClockConfig                    0x08002130   Section        0  stm32f1xx_hal_rcc.o(i.HAL_RCC_ClockConfig)
    i.HAL_RCC_GetHCLKFreq                    0x080022b8   Section        0  stm32f1xx_hal_rcc.o(i.HAL_RCC_GetHCLKFreq)
    i.HAL_RCC_GetPCLK1Freq                   0x080022c4   Section        0  stm32f1xx_hal_rcc.o(i.HAL_RCC_GetPCLK1Freq)
    i.HAL_RCC_GetPCLK2Freq                   0x080022f4   Section        0  stm32f1xx_hal_rcc.o(i.HAL_RCC_GetPCLK2Freq)
    i.HAL_RCC_GetSysClockFreq                0x08002324   Section        0  stm32f1xx_hal_rcc.o(i.HAL_RCC_GetSysClockFreq)
    i.HAL_RCC_OscConfig                      0x080023ac   Section        0  stm32f1xx_hal_rcc.o(i.HAL_RCC_OscConfig)
    i.HAL_SYSTICK_CLKSourceConfig            0x0800292a   Section        0  stm32f1xx_hal_cortex.o(i.HAL_SYSTICK_CLKSourceConfig)
    i.HAL_SYSTICK_Callback                   0x08002942   Section        0  stm32f1xx_hal_cortex.o(i.HAL_SYSTICK_Callback)
    i.HAL_SYSTICK_Config                     0x08002944   Section        0  stm32f1xx_hal_cortex.o(i.HAL_SYSTICK_Config)
    i.HAL_SYSTICK_IRQHandler                 0x0800296c   Section        0  stm32f1xx_hal_cortex.o(i.HAL_SYSTICK_IRQHandler)
    i.HAL_TIMEx_MasterConfigSynchronization  0x08002974   Section        0  stm32f1xx_hal_tim_ex.o(i.HAL_TIMEx_MasterConfigSynchronization)
    i.HAL_TIM_Base_Init                      0x080029c4   Section        0  stm32f1xx_hal_tim.o(i.HAL_TIM_Base_Init)
    i.HAL_TIM_Base_MspInit                   0x080029fc   Section        0  tim.o(i.HAL_TIM_Base_MspInit)
    i.HAL_TIM_Base_Start                     0x08002a24   Section        0  stm32f1xx_hal_tim.o(i.HAL_TIM_Base_Start)
    i.HAL_TIM_ConfigClockSource              0x08002a3e   Section        0  stm32f1xx_hal_tim.o(i.HAL_TIM_ConfigClockSource)
    i.HAL_UART_Init                          0x08002b30   Section        0  stm32f1xx_hal_uart.o(i.HAL_UART_Init)
    i.HAL_UART_MspInit                       0x08002b90   Section        0  usart.o(i.HAL_UART_MspInit)
    i.HAL_UART_Transmit                      0x08002be8   Section        0  stm32f1xx_hal_uart.o(i.HAL_UART_Transmit)
    i.HardFault_Handler                      0x08002cb4   Section        0  stm32f1xx_it.o(i.HardFault_Handler)
    i.Key_Scan                               0x08002cb8   Section        0  main.o(i.Key_Scan)
    i.MX_ADC1_Init                           0x08002da0   Section        0  adc.o(i.MX_ADC1_Init)
    i.MX_DMA_Init                            0x08002de8   Section        0  dma.o(i.MX_DMA_Init)
    i.MX_GPIO_Init                           0x08002e14   Section        0  gpio.o(i.MX_GPIO_Init)
    i.MX_TIM3_Init                           0x08002e8c   Section        0  tim.o(i.MX_TIM3_Init)
    i.MX_USART1_UART_Init                    0x08002ee4   Section        0  usart.o(i.MX_USART1_UART_Init)
    i.MemManage_Handler                      0x08002f1c   Section        0  stm32f1xx_it.o(i.MemManage_Handler)
    i.NMI_Handler                            0x08002f1e   Section        0  stm32f1xx_it.o(i.NMI_Handler)
    i.NVIC_SetPriority                       0x08002f20   Section        0  stm32f1xx_hal_cortex.o(i.NVIC_SetPriority)
    NVIC_SetPriority                         0x08002f21   Thumb Code    32  stm32f1xx_hal_cortex.o(i.NVIC_SetPriority)
    i.OLED_Clear                             0x08002f40   Section        0  oled.o(i.OLED_Clear)
    i.OLED_DrawPoint                         0x08002f70   Section        0  oled.o(i.OLED_DrawPoint)
    i.OLED_Init                              0x08002fb0   Section        0  oled.o(i.OLED_Init)
    i.OLED_Refresh_Gram                      0x080030a8   Section        0  oled.o(i.OLED_Refresh_Gram)
    i.OLED_WR_Byte                           0x080030f4   Section        0  oled.o(i.OLED_WR_Byte)
    i.PendSV_Handler                         0x08003150   Section        0  stm32f1xx_it.o(i.PendSV_Handler)
    i.SVC_Handler                            0x08003152   Section        0  stm32f1xx_it.o(i.SVC_Handler)
    i.SysTick_Handler                        0x08003154   Section        0  stm32f1xx_it.o(i.SysTick_Handler)
    i.SystemClock_Config                     0x08003162   Section        0  main.o(i.SystemClock_Config)
    i.SystemInit                             0x080031dc   Section        0  system_stm32f1xx.o(i.SystemInit)
    i.TIM_Base_SetConfig                     0x08003224   Section        0  stm32f1xx_hal_tim.o(i.TIM_Base_SetConfig)
    i.TIM_ETR_SetConfig                      0x08003288   Section        0  stm32f1xx_hal_tim.o(i.TIM_ETR_SetConfig)
    TIM_ETR_SetConfig                        0x08003289   Thumb Code    20  stm32f1xx_hal_tim.o(i.TIM_ETR_SetConfig)
    i.TIM_ITRx_SetConfig                     0x0800329c   Section        0  stm32f1xx_hal_tim.o(i.TIM_ITRx_SetConfig)
    TIM_ITRx_SetConfig                       0x0800329d   Thumb Code    16  stm32f1xx_hal_tim.o(i.TIM_ITRx_SetConfig)
    i.TIM_TI1_ConfigInputStage               0x080032ac   Section        0  stm32f1xx_hal_tim.o(i.TIM_TI1_ConfigInputStage)
    TIM_TI1_ConfigInputStage                 0x080032ad   Thumb Code    34  stm32f1xx_hal_tim.o(i.TIM_TI1_ConfigInputStage)
    i.TIM_TI2_ConfigInputStage               0x080032ce   Section        0  stm32f1xx_hal_tim.o(i.TIM_TI2_ConfigInputStage)
    TIM_TI2_ConfigInputStage                 0x080032cf   Thumb Code    36  stm32f1xx_hal_tim.o(i.TIM_TI2_ConfigInputStage)
    i.UART_SetConfig                         0x080032f4   Section        0  stm32f1xx_hal_uart.o(i.UART_SetConfig)
    UART_SetConfig                           0x080032f5   Thumb Code   364  stm32f1xx_hal_uart.o(i.UART_SetConfig)
    i.UART_WaitOnFlagUntilTimeout            0x08003464   Section        0  stm32f1xx_hal_uart.o(i.UART_WaitOnFlagUntilTimeout)
    UART_WaitOnFlagUntilTimeout              0x08003465   Thumb Code   146  stm32f1xx_hal_uart.o(i.UART_WaitOnFlagUntilTimeout)
    i.UsageFault_Handler                     0x080034f6   Section        0  stm32f1xx_it.o(i.UsageFault_Handler)
    i.__0printf                              0x080034f8   Section        0  printfa.o(i.__0printf)
    i.__0sprintf                             0x08003518   Section        0  printfa.o(i.__0sprintf)
    i.__scatterload_copy                     0x08003540   Section       14  handlers.o(i.__scatterload_copy)
    i.__scatterload_null                     0x0800354e   Section        2  handlers.o(i.__scatterload_null)
    i.__scatterload_zeroinit                 0x08003550   Section       14  handlers.o(i.__scatterload_zeroinit)
    i.__set_errno                            0x08003560   Section        0  errno.o(i.__set_errno)
    i._fp_digits                             0x0800356c   Section        0  printfa.o(i._fp_digits)
    _fp_digits                               0x0800356d   Thumb Code   366  printfa.o(i._fp_digits)
    i._printf_core                           0x080036f0   Section        0  printfa.o(i._printf_core)
    _printf_core                             0x080036f1   Thumb Code  1744  printfa.o(i._printf_core)
    i._printf_post_padding                   0x08003dcc   Section        0  printfa.o(i._printf_post_padding)
    _printf_post_padding                     0x08003dcd   Thumb Code    36  printfa.o(i._printf_post_padding)
    i._printf_pre_padding                    0x08003df0   Section        0  printfa.o(i._printf_pre_padding)
    _printf_pre_padding                      0x08003df1   Thumb Code    46  printfa.o(i._printf_pre_padding)
    i._sputc                                 0x08003e1e   Section        0  printfa.o(i._sputc)
    _sputc                                   0x08003e1f   Thumb Code    10  printfa.o(i._sputc)
    i.display1                               0x08003e28   Section        0  main.o(i.display1)
    i.display2                               0x08003f08   Section        0  main.o(i.display2)
    i.display3                               0x08003ff0   Section        0  main.o(i.display3)
    i.display4                               0x08004090   Section        0  main.o(i.display4)
    i.fputc                                  0x0800414c   Section        0  usart.o(i.fputc)
    i.main                                   0x08004164   Section        0  main.o(i.main)
    i.sqrt                                   0x080041f8   Section        0  sqrt.o(i.sqrt)
    .constdata                               0x08004244   Section       16  system_stm32f1xx.o(.constdata)
    .constdata                               0x08004254   Section        8  system_stm32f1xx.o(.constdata)
    .constdata                               0x0800425c   Section      768  font5_7.o(.constdata)
    .constdata                               0x0800455c   Section        8  gui_stockc.o(.constdata)
    .data                                    0x20000000   Section       27  main.o(.data)
    mode_num                                 0x20000004   Data           1  main.o(.data)
    num                                      0x20000006   Data           2  main.o(.data)
    .data                                    0x2000001c   Section        4  system_stm32f1xx.o(.data)
    .data                                    0x20000020   Section        4  stm32f1xx_hal.o(.data)
    uwTick                                   0x20000020   Data           4  stm32f1xx_hal.o(.data)
    .data                                    0x20000024   Section        2  gui_stockc.o(.data)
    .data                                    0x20000028   Section        4  stdout.o(.data)
    .data                                    0x2000002c   Section        4  errno.o(.data)
    _errno                                   0x2000002c   Data           4  errno.o(.data)
    .bss                                     0x20000030   Section     3200  main.o(.bss)
    .bss                                     0x20000cb0   Section       64  usart.o(.bss)
    .bss                                     0x20000cf0   Section      104  adc.o(.bss)
    .bss                                     0x20000d58   Section       60  tim.o(.bss)
    .bss                                     0x20000d94   Section     2048  oled.o(.bss)
    STACK                                    0x20001598   Section     1024  startup_stm32f103xb.o(STACK)

    Global Symbols

    Symbol Name                              Value     Ov Type        Size  Object(Section)

    BuildAttributes$$THM_ISAv4$P$D$K$B$S$PE$A:L22UL41UL21$X:L11$S22US41US21$IEEE1$IW$USESV6$~STKCKD$USESV7$~SHL$OTIME$ROPI$IEEEX$EBA8$MICROLIB$REQ8$PRES8$EABIv2 0x00000000   Number         0  anon$$obj.o ABSOLUTE
    __ARM_use_no_argv                        0x00000000   Number         0  main.o ABSOLUTE
    _printf_a                                0x00000000   Number         0  stubs.o ABSOLUTE
    _printf_c                                0x00000000   Number         0  stubs.o ABSOLUTE
    _printf_charcount                        0x00000000   Number         0  stubs.o ABSOLUTE
    _printf_d                                0x00000000   Number         0  stubs.o ABSOLUTE
    _printf_e                                0x00000000   Number         0  stubs.o ABSOLUTE
    _printf_f                                0x00000000   Number         0  stubs.o ABSOLUTE
    _printf_flags                            0x00000000   Number         0  stubs.o ABSOLUTE
    _printf_fp_dec                           0x00000000   Number         0  stubs.o ABSOLUTE
    _printf_fp_hex                           0x00000000   Number         0  stubs.o ABSOLUTE
    _printf_g                                0x00000000   Number         0  stubs.o ABSOLUTE
    _printf_i                                0x00000000   Number         0  stubs.o ABSOLUTE
    _printf_int_dec                          0x00000000   Number         0  stubs.o ABSOLUTE
    _printf_l                                0x00000000   Number         0  stubs.o ABSOLUTE
    _printf_lc                               0x00000000   Number         0  stubs.o ABSOLUTE
    _printf_ll                               0x00000000   Number         0  stubs.o ABSOLUTE
    _printf_lld                              0x00000000   Number         0  stubs.o ABSOLUTE
    _printf_lli                              0x00000000   Number         0  stubs.o ABSOLUTE
    _printf_llo                              0x00000000   Number         0  stubs.o ABSOLUTE
    _printf_llu                              0x00000000   Number         0  stubs.o ABSOLUTE
    _printf_llx                              0x00000000   Number         0  stubs.o ABSOLUTE
    _printf_longlong_dec                     0x00000000   Number         0  stubs.o ABSOLUTE
    _printf_longlong_hex                     0x00000000   Number         0  stubs.o ABSOLUTE
    _printf_longlong_oct                     0x00000000   Number         0  stubs.o ABSOLUTE
    _printf_ls                               0x00000000   Number         0  stubs.o ABSOLUTE
    _printf_mbtowc                           0x00000000   Number         0  stubs.o ABSOLUTE
    _printf_n                                0x00000000   Number         0  stubs.o ABSOLUTE
    _printf_o                                0x00000000   Number         0  stubs.o ABSOLUTE
    _printf_p                                0x00000000   Number         0  stubs.o ABSOLUTE
    _printf_percent                          0x00000000   Number         0  stubs.o ABSOLUTE
    _printf_pre_padding                      0x00000000   Number         0  stubs.o ABSOLUTE
    _printf_return_value                     0x00000000   Number         0  stubs.o ABSOLUTE
    _printf_s                                0x00000000   Number         0  stubs.o ABSOLUTE
    _printf_sizespec                         0x00000000   Number         0  stubs.o ABSOLUTE
    _printf_str                              0x00000000   Number         0  stubs.o ABSOLUTE
    _printf_truncate_signed                  0x00000000   Number         0  stubs.o ABSOLUTE
    _printf_truncate_unsigned                0x00000000   Number         0  stubs.o ABSOLUTE
    _printf_u                                0x00000000   Number         0  stubs.o ABSOLUTE
    _printf_wc                               0x00000000   Number         0  stubs.o ABSOLUTE
    _printf_wctomb                           0x00000000   Number         0  stubs.o ABSOLUTE
    _printf_widthprec                        0x00000000   Number         0  stubs.o ABSOLUTE
    _printf_x                                0x00000000   Number         0  stubs.o ABSOLUTE
    __cpp_initialize__aeabi_                  - Undefined Weak Reference
    __cxa_finalize                            - Undefined Weak Reference
    __decompress                              - Undefined Weak Reference
    _clock_init                               - Undefined Weak Reference
    _microlib_exit                            - Undefined Weak Reference
    __Vectors_Size                           0x000000ec   Number         0  startup_stm32f103xb.o ABSOLUTE
    __Vectors                                0x08000000   Data           4  startup_stm32f103xb.o(RESET)
    __Vectors_End                            0x080000ec   Data           0  startup_stm32f103xb.o(RESET)
    __main                                   0x080000ed   Thumb Code     0  entry.o(.ARM.Collect$$$$00000000)
    _main_stk                                0x080000ed   Thumb Code     0  entry2.o(.ARM.Collect$$$$00000001)
    _main_scatterload                        0x080000f1   Thumb Code     0  entry5.o(.ARM.Collect$$$$00000004)
    __main_after_scatterload                 0x080000f5   Thumb Code     0  entry5.o(.ARM.Collect$$$$00000004)
    _main_clock                              0x080000f5   Thumb Code     0  entry7b.o(.ARM.Collect$$$$00000008)
    _main_cpp_init                           0x080000f5   Thumb Code     0  entry8b.o(.ARM.Collect$$$$0000000A)
    _main_init                               0x080000f5   Thumb Code     0  entry9a.o(.ARM.Collect$$$$0000000B)
    __rt_final_cpp                           0x080000fd   Thumb Code     0  entry10a.o(.ARM.Collect$$$$0000000D)
    __rt_final_exit                          0x080000fd   Thumb Code     0  entry11a.o(.ARM.Collect$$$$0000000F)
    cr4_fft_256_stm32                        0x08000101   Thumb Code     0  cr4_fft_256_stm32.o(.text)
    Reset_Handler                            0x080006e1   Thumb Code     8  startup_stm32f103xb.o(.text)
    ADC1_2_IRQHandler                        0x080006fb   Thumb Code     0  startup_stm32f103xb.o(.text)
    CAN1_RX1_IRQHandler                      0x080006fb   Thumb Code     0  startup_stm32f103xb.o(.text)
    CAN1_SCE_IRQHandler                      0x080006fb   Thumb Code     0  startup_stm32f103xb.o(.text)
    DMA1_Channel2_IRQHandler                 0x080006fb   Thumb Code     0  startup_stm32f103xb.o(.text)
    DMA1_Channel3_IRQHandler                 0x080006fb   Thumb Code     0  startup_stm32f103xb.o(.text)
    DMA1_Channel4_IRQHandler                 0x080006fb   Thumb Code     0  startup_stm32f103xb.o(.text)
    DMA1_Channel5_IRQHandler                 0x080006fb   Thumb Code     0  startup_stm32f103xb.o(.text)
    DMA1_Channel6_IRQHandler                 0x080006fb   Thumb Code     0  startup_stm32f103xb.o(.text)
    DMA1_Channel7_IRQHandler                 0x080006fb   Thumb Code     0  startup_stm32f103xb.o(.text)
    EXTI0_IRQHandler                         0x080006fb   Thumb Code     0  startup_stm32f103xb.o(.text)
    EXTI15_10_IRQHandler                     0x080006fb   Thumb Code     0  startup_stm32f103xb.o(.text)
    EXTI1_IRQHandler                         0x080006fb   Thumb Code     0  startup_stm32f103xb.o(.text)
    EXTI2_IRQHandler                         0x080006fb   Thumb Code     0  startup_stm32f103xb.o(.text)
    EXTI3_IRQHandler                         0x080006fb   Thumb Code     0  startup_stm32f103xb.o(.text)
    EXTI4_IRQHandler                         0x080006fb   Thumb Code     0  startup_stm32f103xb.o(.text)
    EXTI9_5_IRQHandler                       0x080006fb   Thumb Code     0  startup_stm32f103xb.o(.text)
    FLASH_IRQHandler                         0x080006fb   Thumb Code     0  startup_stm32f103xb.o(.text)
    I2C1_ER_IRQHandler                       0x080006fb   Thumb Code     0  startup_stm32f103xb.o(.text)
    I2C1_EV_IRQHandler                       0x080006fb   Thumb Code     0  startup_stm32f103xb.o(.text)
    I2C2_ER_IRQHandler                       0x080006fb   Thumb Code     0  startup_stm32f103xb.o(.text)
    I2C2_EV_IRQHandler                       0x080006fb   Thumb Code     0  startup_stm32f103xb.o(.text)
    PVD_IRQHandler                           0x080006fb   Thumb Code     0  startup_stm32f103xb.o(.text)
    RCC_IRQHandler                           0x080006fb   Thumb Code     0  startup_stm32f103xb.o(.text)
    RTC_Alarm_IRQHandler                     0x080006fb   Thumb Code     0  startup_stm32f103xb.o(.text)
    RTC_IRQHandler                           0x080006fb   Thumb Code     0  startup_stm32f103xb.o(.text)
    SPI1_IRQHandler                          0x080006fb   Thumb Code     0  startup_stm32f103xb.o(.text)
    SPI2_IRQHandler                          0x080006fb   Thumb Code     0  startup_stm32f103xb.o(.text)
    TAMPER_IRQHandler                        0x080006fb   Thumb Code     0  startup_stm32f103xb.o(.text)
    TIM1_BRK_IRQHandler                      0x080006fb   Thumb Code     0  startup_stm32f103xb.o(.text)
    TIM1_CC_IRQHandler                       0x080006fb   Thumb Code     0  startup_stm32f103xb.o(.text)
    TIM1_TRG_COM_IRQHandler                  0x080006fb   Thumb Code     0  startup_stm32f103xb.o(.text)
    TIM1_UP_IRQHandler                       0x080006fb   Thumb Code     0  startup_stm32f103xb.o(.text)
    TIM2_IRQHandler                          0x080006fb   Thumb Code     0  startup_stm32f103xb.o(.text)
    TIM3_IRQHandler                          0x080006fb   Thumb Code     0  startup_stm32f103xb.o(.text)
    TIM4_IRQHandler                          0x080006fb   Thumb Code     0  startup_stm32f103xb.o(.text)
    USART1_IRQHandler                        0x080006fb   Thumb Code     0  startup_stm32f103xb.o(.text)
    USART2_IRQHandler                        0x080006fb   Thumb Code     0  startup_stm32f103xb.o(.text)
    USART3_IRQHandler                        0x080006fb   Thumb Code     0  startup_stm32f103xb.o(.text)
    USBWakeUp_IRQHandler                     0x080006fb   Thumb Code     0  startup_stm32f103xb.o(.text)
    USB_HP_CAN1_TX_IRQHandler                0x080006fb   Thumb Code     0  startup_stm32f103xb.o(.text)
    USB_LP_CAN1_RX0_IRQHandler               0x080006fb   Thumb Code     0  startup_stm32f103xb.o(.text)
    WWDG_IRQHandler                          0x080006fb   Thumb Code     0  startup_stm32f103xb.o(.text)
    __aeabi_llsr                             0x08000705   Thumb Code    32  llushr.o(.text)
    _ll_ushift_r                             0x08000705   Thumb Code     0  llushr.o(.text)
    __aeabi_memset                           0x08000725   Thumb Code    14  memseta.o(.text)
    __aeabi_memset4                          0x08000725   Thumb Code     0  memseta.o(.text)
    __aeabi_memset8                          0x08000725   Thumb Code     0  memseta.o(.text)
    __aeabi_memclr                           0x08000733   Thumb Code     4  memseta.o(.text)
    __aeabi_memclr4                          0x08000733   Thumb Code     0  memseta.o(.text)
    __aeabi_memclr8                          0x08000733   Thumb Code     0  memseta.o(.text)
    _memset$wrapper                          0x08000737   Thumb Code    18  memseta.o(.text)
    __aeabi_fadd                             0x08000749   Thumb Code   164  fadd.o(.text)
    __aeabi_fsub                             0x080007ed   Thumb Code     6  fadd.o(.text)
    __aeabi_frsub                            0x080007f3   Thumb Code     6  fadd.o(.text)
    __aeabi_fmul                             0x080007f9   Thumb Code   100  fmul.o(.text)
    __ARM_scalbnf                            0x0800085d   Thumb Code    24  fscalb.o(.text)
    scalbnf                                  0x0800085d   Thumb Code     0  fscalb.o(.text)
    __aeabi_dadd                             0x08000875   Thumb Code   322  dadd.o(.text)
    __aeabi_dsub                             0x080009b7   Thumb Code     6  dadd.o(.text)
    __aeabi_drsub                            0x080009bd   Thumb Code     6  dadd.o(.text)
    __aeabi_dmul                             0x080009c3   Thumb Code   228  dmul.o(.text)
    __aeabi_ddiv                             0x08000aa7   Thumb Code   222  ddiv.o(.text)
    __ARM_scalbn                             0x08000b85   Thumb Code    46  dscalb.o(.text)
    scalbn                                   0x08000b85   Thumb Code     0  dscalb.o(.text)
    __aeabi_i2f                              0x08000bb3   Thumb Code    18  fflti.o(.text)
    __aeabi_f2uiz                            0x08000bc5   Thumb Code    40  ffixui.o(.text)
    __aeabi_f2d                              0x08000bed   Thumb Code    38  f2d.o(.text)
    __aeabi_d2f                              0x08000c13   Thumb Code    56  d2f.o(.text)
    __aeabi_uidiv                            0x08000c4b   Thumb Code     0  uidiv.o(.text)
    __aeabi_uidivmod                         0x08000c4b   Thumb Code    44  uidiv.o(.text)
    __aeabi_uldivmod                         0x08000c77   Thumb Code    98  uldiv.o(.text)
    __aeabi_llsl                             0x08000cd9   Thumb Code    30  llshl.o(.text)
    _ll_shift_l                              0x08000cd9   Thumb Code     0  llshl.o(.text)
    __aeabi_lasr                             0x08000cf7   Thumb Code    36  llsshr.o(.text)
    _ll_sshift_r                             0x08000cf7   Thumb Code     0  llsshr.o(.text)
    __I$use$fp                               0x08000d1b   Thumb Code     0  iusefp.o(.text)
    _float_round                             0x08000d1b   Thumb Code    18  fepilogue.o(.text)
    _float_epilogue                          0x08000d2d   Thumb Code    92  fepilogue.o(.text)
    _double_round                            0x08000d89   Thumb Code    30  depilogue.o(.text)
    _double_epilogue                         0x08000da7   Thumb Code   156  depilogue.o(.text)
    _dsqrt                                   0x08000e43   Thumb Code   162  dsqrt.o(.text)
    __aeabi_d2ulz                            0x08000ee5   Thumb Code    48  dfixul.o(.text)
    __aeabi_cdrcmple                         0x08000f15   Thumb Code    48  cdrcmple.o(.text)
    __scatterload                            0x08000f45   Thumb Code    28  init.o(.text)
    __scatterload_rt2                        0x08000f45   Thumb Code     0  init.o(.text)
    ADC_ConversionStop_Disable               0x08000f69   Thumb Code    76  stm32f1xx_hal_adc.o(i.ADC_ConversionStop_Disable)
    ADC_DMAConvCplt                          0x08000fb5   Thumb Code    78  stm32f1xx_hal_adc.o(i.ADC_DMAConvCplt)
    ADC_DMAError                             0x08001003   Thumb Code    26  stm32f1xx_hal_adc.o(i.ADC_DMAError)
    ADC_DMAHalfConvCplt                      0x0800101d   Thumb Code    10  stm32f1xx_hal_adc.o(i.ADC_DMAHalfConvCplt)
    ADC_Enable                               0x08001029   Thumb Code   104  stm32f1xx_hal_adc.o(i.ADC_Enable)
    BusFault_Handler                         0x08001099   Thumb Code     2  stm32f1xx_it.o(i.BusFault_Handler)
    DMA1_Channel1_IRQHandler                 0x0800109d   Thumb Code     6  stm32f1xx_it.o(i.DMA1_Channel1_IRQHandler)
    DebugMon_Handler                         0x080010c7   Thumb Code     2  stm32f1xx_it.o(i.DebugMon_Handler)
    Error_Handler                            0x080010c9   Thumb Code     2  main.o(i.Error_Handler)
    GPIO_Config                              0x080010cd   Thumb Code    94  oled.o(i.GPIO_Config)
    GUI_ClearSCR                             0x08001135   Thumb Code     4  lcmdrv.o(i.GUI_ClearSCR)
    GUI_Exec                                 0x08001139   Thumb Code     4  lcmdrv.o(i.GUI_Exec)
    GUI_HLine                                0x0800113d   Thumb Code    44  lcmdrv.o(i.GUI_HLine)
    GUI_Initialize                           0x08001169   Thumb Code     4  lcmdrv.o(i.GUI_Initialize)
    GUI_LineWith                             0x0800116d   Thumb Code   328  gui_basic.o(i.GUI_LineWith)
    GUI_Point                                0x080012b5   Thumb Code     6  lcmdrv.o(i.GUI_Point)
    GUI_PutChar                              0x080012bd   Thumb Code   114  font5_7.o(i.GUI_PutChar)
    GUI_PutString                            0x08001341   Thumb Code    34  font5_7.o(i.GUI_PutString)
    GUI_RLine                                0x08001363   Thumb Code    42  lcmdrv.o(i.GUI_RLine)
    GUI_SetColor                             0x0800138d   Thumb Code     8  gui_stockc.o(i.GUI_SetColor)
    GetPowerMag                              0x08001399   Thumb Code   152  main.o(i.GetPowerMag)
    HAL_ADC_ConfigChannel                    0x08001435   Thumb Code   346  stm32f1xx_hal_adc.o(i.HAL_ADC_ConfigChannel)
    HAL_ADC_ConvCpltCallback                 0x0800159d   Thumb Code   154  main.o(i.HAL_ADC_ConvCpltCallback)
    HAL_ADC_ConvHalfCpltCallback             0x08001649   Thumb Code     2  stm32f1xx_hal_adc.o(i.HAL_ADC_ConvHalfCpltCallback)
    HAL_ADC_ErrorCallback                    0x0800164b   Thumb Code     2  stm32f1xx_hal_adc.o(i.HAL_ADC_ErrorCallback)
    HAL_ADC_Init                             0x0800164d   Thumb Code   300  stm32f1xx_hal_adc.o(i.HAL_ADC_Init)
    HAL_ADC_MspInit                          0x08001781   Thumb Code    98  adc.o(i.HAL_ADC_MspInit)
    HAL_ADC_Start_DMA                        0x080017f9   Thumb Code   246  stm32f1xx_hal_adc.o(i.HAL_ADC_Start_DMA)
    HAL_ADC_Stop_DMA                         0x08001905   Thumb Code    76  stm32f1xx_hal_adc.o(i.HAL_ADC_Stop_DMA)
    HAL_DMA_Abort                            0x08001951   Thumb Code    86  stm32f1xx_hal_dma.o(i.HAL_DMA_Abort)
    HAL_DMA_IRQHandler                       0x080019a9   Thumb Code   616  stm32f1xx_hal_dma.o(i.HAL_DMA_IRQHandler)
    HAL_DMA_Init                             0x08001c15   Thumb Code    80  stm32f1xx_hal_dma.o(i.HAL_DMA_Init)
    HAL_DMA_Start_IT                         0x08001c65   Thumb Code    88  stm32f1xx_hal_dma.o(i.HAL_DMA_Start_IT)
    HAL_Delay                                0x08001cbd   Thumb Code    22  stm32f1xx_hal.o(i.HAL_Delay)
    HAL_GPIO_Init                            0x08001cd5   Thumb Code   408  stm32f1xx_hal_gpio.o(i.HAL_GPIO_Init)
    HAL_GPIO_ReadPin                         0x08001e91   Thumb Code    10  stm32f1xx_hal_gpio.o(i.HAL_GPIO_ReadPin)
    HAL_GPIO_WritePin                        0x08001e9b   Thumb Code    10  stm32f1xx_hal_gpio.o(i.HAL_GPIO_WritePin)
    HAL_GetTick                              0x08001ea5   Thumb Code     6  stm32f1xx_hal.o(i.HAL_GetTick)
    HAL_IncTick                              0x08001eb1   Thumb Code    10  stm32f1xx_hal.o(i.HAL_IncTick)
    HAL_Init                                 0x08001ec1   Thumb Code    32  stm32f1xx_hal.o(i.HAL_Init)
    HAL_InitTick                             0x08001ee5   Thumb Code    34  stm32f1xx_hal.o(i.HAL_InitTick)
    HAL_MspInit                              0x08001f09   Thumb Code   118  stm32f1xx_hal_msp.o(i.HAL_MspInit)
    HAL_NVIC_EnableIRQ                       0x08001f89   Thumb Code    22  stm32f1xx_hal_cortex.o(i.HAL_NVIC_EnableIRQ)
    HAL_NVIC_SetPriority                     0x08001fa1   Thumb Code    60  stm32f1xx_hal_cortex.o(i.HAL_NVIC_SetPriority)
    HAL_NVIC_SetPriorityGrouping             0x08001fe1   Thumb Code    26  stm32f1xx_hal_cortex.o(i.HAL_NVIC_SetPriorityGrouping)
    HAL_RCCEx_PeriphCLKConfig                0x08002005   Thumb Code   288  stm32f1xx_hal_rcc_ex.o(i.HAL_RCCEx_PeriphCLKConfig)
    HAL_RCC_ClockConfig                      0x08002131   Thumb Code   374  stm32f1xx_hal_rcc.o(i.HAL_RCC_ClockConfig)
    HAL_RCC_GetHCLKFreq                      0x080022b9   Thumb Code     6  stm32f1xx_hal_rcc.o(i.HAL_RCC_GetHCLKFreq)
    HAL_RCC_GetPCLK1Freq                     0x080022c5   Thumb Code    34  stm32f1xx_hal_rcc.o(i.HAL_RCC_GetPCLK1Freq)
    HAL_RCC_GetPCLK2Freq                     0x080022f5   Thumb Code    34  stm32f1xx_hal_rcc.o(i.HAL_RCC_GetPCLK2Freq)
    HAL_RCC_GetSysClockFreq                  0x08002325   Thumb Code   102  stm32f1xx_hal_rcc.o(i.HAL_RCC_GetSysClockFreq)
    HAL_RCC_OscConfig                        0x080023ad   Thumb Code  1406  stm32f1xx_hal_rcc.o(i.HAL_RCC_OscConfig)
    HAL_SYSTICK_CLKSourceConfig              0x0800292b   Thumb Code    24  stm32f1xx_hal_cortex.o(i.HAL_SYSTICK_CLKSourceConfig)
    HAL_SYSTICK_Callback                     0x08002943   Thumb Code     2  stm32f1xx_hal_cortex.o(i.HAL_SYSTICK_Callback)
    HAL_SYSTICK_Config                       0x08002945   Thumb Code    40  stm32f1xx_hal_cortex.o(i.HAL_SYSTICK_Config)
    HAL_SYSTICK_IRQHandler                   0x0800296d   Thumb Code     8  stm32f1xx_hal_cortex.o(i.HAL_SYSTICK_IRQHandler)
    HAL_TIMEx_MasterConfigSynchronization    0x08002975   Thumb Code    80  stm32f1xx_hal_tim_ex.o(i.HAL_TIMEx_MasterConfigSynchronization)
    HAL_TIM_Base_Init                        0x080029c5   Thumb Code    54  stm32f1xx_hal_tim.o(i.HAL_TIM_Base_Init)
    HAL_TIM_Base_MspInit                     0x080029fd   Thumb Code    30  tim.o(i.HAL_TIM_Base_MspInit)
    HAL_TIM_Base_Start                       0x08002a25   Thumb Code    26  stm32f1xx_hal_tim.o(i.HAL_TIM_Base_Start)
    HAL_TIM_ConfigClockSource                0x08002a3f   Thumb Code   242  stm32f1xx_hal_tim.o(i.HAL_TIM_ConfigClockSource)
    HAL_UART_Init                            0x08002b31   Thumb Code    94  stm32f1xx_hal_uart.o(i.HAL_UART_Init)
    HAL_UART_MspInit                         0x08002b91   Thumb Code    76  usart.o(i.HAL_UART_MspInit)
    HAL_UART_Transmit                        0x08002be9   Thumb Code   204  stm32f1xx_hal_uart.o(i.HAL_UART_Transmit)
    HardFault_Handler                        0x08002cb5   Thumb Code     2  stm32f1xx_it.o(i.HardFault_Handler)
    Key_Scan                                 0x08002cb9   Thumb Code   206  main.o(i.Key_Scan)
    MX_ADC1_Init                             0x08002da1   Thumb Code    62  adc.o(i.MX_ADC1_Init)
    MX_DMA_Init                              0x08002de9   Thumb Code    40  dma.o(i.MX_DMA_Init)
    MX_GPIO_Init                             0x08002e15   Thumb Code   108  gpio.o(i.MX_GPIO_Init)
    MX_TIM3_Init                             0x08002e8d   Thumb Code    80  tim.o(i.MX_TIM3_Init)
    MX_USART1_UART_Init                      0x08002ee5   Thumb Code    48  usart.o(i.MX_USART1_UART_Init)
    MemManage_Handler                        0x08002f1d   Thumb Code     2  stm32f1xx_it.o(i.MemManage_Handler)
    NMI_Handler                              0x08002f1f   Thumb Code     2  stm32f1xx_it.o(i.NMI_Handler)
    OLED_Clear                               0x08002f41   Thumb Code    42  oled.o(i.OLED_Clear)
    OLED_DrawPoint                           0x08002f71   Thumb Code    58  oled.o(i.OLED_DrawPoint)
    OLED_Init                                0x08002fb1   Thumb Code   242  oled.o(i.OLED_Init)
    OLED_Refresh_Gram                        0x080030a9   Thumb Code    72  oled.o(i.OLED_Refresh_Gram)
    OLED_WR_Byte                             0x080030f5   Thumb Code    88  oled.o(i.OLED_WR_Byte)
    PendSV_Handler                           0x08003151   Thumb Code     2  stm32f1xx_it.o(i.PendSV_Handler)
    SVC_Handler                              0x08003153   Thumb Code     2  stm32f1xx_it.o(i.SVC_Handler)
    SysTick_Handler                          0x08003155   Thumb Code    14  stm32f1xx_it.o(i.SysTick_Handler)
    SystemClock_Config                       0x08003163   Thumb Code   122  main.o(i.SystemClock_Config)
    SystemInit                               0x080031dd   Thumb Code    56  system_stm32f1xx.o(i.SystemInit)
    TIM_Base_SetConfig                       0x08003225   Thumb Code    86  stm32f1xx_hal_tim.o(i.TIM_Base_SetConfig)
    UsageFault_Handler                       0x080034f7   Thumb Code     2  stm32f1xx_it.o(i.UsageFault_Handler)
    __0printf                                0x080034f9   Thumb Code    22  printfa.o(i.__0printf)
    __1printf                                0x080034f9   Thumb Code     0  printfa.o(i.__0printf)
    __2printf                                0x080034f9   Thumb Code     0  printfa.o(i.__0printf)
    __c89printf                              0x080034f9   Thumb Code     0  printfa.o(i.__0printf)
    printf                                   0x080034f9   Thumb Code     0  printfa.o(i.__0printf)
    __0sprintf                               0x08003519   Thumb Code    34  printfa.o(i.__0sprintf)
    __1sprintf                               0x08003519   Thumb Code     0  printfa.o(i.__0sprintf)
    __2sprintf                               0x08003519   Thumb Code     0  printfa.o(i.__0sprintf)
    __c89sprintf                             0x08003519   Thumb Code     0  printfa.o(i.__0sprintf)
    sprintf                                  0x08003519   Thumb Code     0  printfa.o(i.__0sprintf)
    __scatterload_copy                       0x08003541   Thumb Code    14  handlers.o(i.__scatterload_copy)
    __scatterload_null                       0x0800354f   Thumb Code     2  handlers.o(i.__scatterload_null)
    __scatterload_zeroinit                   0x08003551   Thumb Code    14  handlers.o(i.__scatterload_zeroinit)
    __set_errno                              0x08003561   Thumb Code     6  errno.o(i.__set_errno)
    display1                                 0x08003e29   Thumb Code   194  main.o(i.display1)
    display2                                 0x08003f09   Thumb Code   198  main.o(i.display2)
    display3                                 0x08003ff1   Thumb Code   150  main.o(i.display3)
    display4                                 0x08004091   Thumb Code   180  main.o(i.display4)
    fputc                                    0x0800414d   Thumb Code    20  usart.o(i.fputc)
    main                                     0x08004165   Thumb Code   110  main.o(i.main)
    sqrt                                     0x080041f9   Thumb Code    76  sqrt.o(i.sqrt)
    AHBPrescTable                            0x08004244   Data          16  system_stm32f1xx.o(.constdata)
    APBPrescTable                            0x08004254   Data           8  system_stm32f1xx.o(.constdata)
    FONT5x7ASCII                             0x0800425c   Data         768  font5_7.o(.constdata)
    DCB2HEX_TAB                              0x0800455c   Data           8  gui_stockc.o(.constdata)
    Region$$Table$$Base                      0x08004564   Number         0  anon$$obj.o(Region$$Table)
    Region$$Table$$Limit                     0x08004584   Number         0  anon$$obj.o(Region$$Table)
    prt                                      0x20000000   Data           1  main.o(.data)
    display_num                              0x20000001   Data           1  main.o(.data)
    auto_display_flag                        0x20000002   Data           1  main.o(.data)
    show_num_count                           0x20000003   Data           1  main.o(.data)
    show_max_f                               0x20000008   Data           4  main.o(.data)
    gTITLE_bg                                0x2000000c   Data          15  main.o(.data)
    SystemCoreClock                          0x2000001c   Data           4  system_stm32f1xx.o(.data)
    disp_color                               0x20000024   Data           1  gui_stockc.o(.data)
    back_color                               0x20000025   Data           1  gui_stockc.o(.data)
    __stdout                                 0x20000028   Data           4  stdout.o(.data)
    adc_buf                                  0x20000030   Data        1024  main.o(.bss)
    lBufInArray                              0x20000430   Data        1024  main.o(.bss)
    lBufOutArray                             0x20000830   Data         512  main.o(.bss)
    lBufMagArray                             0x20000a30   Data         512  main.o(.bss)
    fall_pot                                 0x20000c30   Data         128  main.o(.bss)
    huart1                                   0x20000cb0   Data          64  usart.o(.bss)
    hadc1                                    0x20000cf0   Data          48  adc.o(.bss)
    hdma_adc1                                0x20000d20   Data          56  adc.o(.bss)
    htim3                                    0x20000d58   Data          60  tim.o(.bss)
    OLED_GRAM                                0x20000d94   Data        2048  oled.o(.bss)
    __initial_sp                             0x20001998   Data           0  startup_stm32f103xb.o(STACK)



==============================================================================

Memory Map of the image

  Image Entry point : 0x080000ed

  Load Region LR_IROM1 (Base: 0x08000000, Size: 0x000045b4, Max: 0x00010000, ABSOLUTE)

    Execution Region ER_IROM1 (Exec base: 0x08000000, Load base: 0x08000000, Size: 0x00004584, Max: 0x00010000, ABSOLUTE)

    Exec Addr    Load Addr    Size         Type   Attr      Idx    E Section Name        Object

    0x08000000   0x08000000   0x000000ec   Data   RO         2960    RESET               startup_stm32f103xb.o
    0x080000ec   0x080000ec   0x00000000   Code   RO         3542  * .ARM.Collect$$$$00000000  mc_w.l(entry.o)
    0x080000ec   0x080000ec   0x00000004   Code   RO         3872    .ARM.Collect$$$$00000001  mc_w.l(entry2.o)
    0x080000f0   0x080000f0   0x00000004   Code   RO         3875    .ARM.Collect$$$$00000004  mc_w.l(entry5.o)
    0x080000f4   0x080000f4   0x00000000   Code   RO         3877    .ARM.Collect$$$$00000008  mc_w.l(entry7b.o)
    0x080000f4   0x080000f4   0x00000000   Code   RO         3879    .ARM.Collect$$$$0000000A  mc_w.l(entry8b.o)
    0x080000f4   0x080000f4   0x00000008   Code   RO         3880    .ARM.Collect$$$$0000000B  mc_w.l(entry9a.o)
    0x080000fc   0x080000fc   0x00000000   Code   RO         3882    .ARM.Collect$$$$0000000D  mc_w.l(entry10a.o)
    0x080000fc   0x080000fc   0x00000000   Code   RO         3884    .ARM.Collect$$$$0000000F  mc_w.l(entry11a.o)
    0x080000fc   0x080000fc   0x00000004   Code   RO         3873    .ARM.Collect$$$$00002712  mc_w.l(entry2.o)
    0x08000100   0x08000100   0x000005de   Code   RO          656    .text               cr4_fft_256_stm32.o
    0x080006de   0x080006de   0x00000002   PAD
    0x080006e0   0x080006e0   0x00000024   Code   RO         2961    .text               startup_stm32f103xb.o
    0x08000704   0x08000704   0x00000020   Code   RO         3545    .text               mc_w.l(llushr.o)
    0x08000724   0x08000724   0x00000024   Code   RO         3547    .text               mc_w.l(memseta.o)
    0x08000748   0x08000748   0x000000b0   Code   RO         3810    .text               mf_w.l(fadd.o)
    0x080007f8   0x080007f8   0x00000064   Code   RO         3812    .text               mf_w.l(fmul.o)
    0x0800085c   0x0800085c   0x00000018   Code   RO         3816    .text               mf_w.l(fscalb.o)
    0x08000874   0x08000874   0x0000014e   Code   RO         3818    .text               mf_w.l(dadd.o)
    0x080009c2   0x080009c2   0x000000e4   Code   RO         3820    .text               mf_w.l(dmul.o)
    0x08000aa6   0x08000aa6   0x000000de   Code   RO         3822    .text               mf_w.l(ddiv.o)
    0x08000b84   0x08000b84   0x0000002e   Code   RO         3824    .text               mf_w.l(dscalb.o)
    0x08000bb2   0x08000bb2   0x00000012   Code   RO         3826    .text               mf_w.l(fflti.o)
    0x08000bc4   0x08000bc4   0x00000028   Code   RO         3836    .text               mf_w.l(ffixui.o)
    0x08000bec   0x08000bec   0x00000026   Code   RO         3840    .text               mf_w.l(f2d.o)
    0x08000c12   0x08000c12   0x00000038   Code   RO         3842    .text               mf_w.l(d2f.o)
    0x08000c4a   0x08000c4a   0x0000002c   Code   RO         3887    .text               mc_w.l(uidiv.o)
    0x08000c76   0x08000c76   0x00000062   Code   RO         3889    .text               mc_w.l(uldiv.o)
    0x08000cd8   0x08000cd8   0x0000001e   Code   RO         3891    .text               mc_w.l(llshl.o)
    0x08000cf6   0x08000cf6   0x00000024   Code   RO         3893    .text               mc_w.l(llsshr.o)
    0x08000d1a   0x08000d1a   0x00000000   Code   RO         3902    .text               mc_w.l(iusefp.o)
    0x08000d1a   0x08000d1a   0x0000006e   Code   RO         3903    .text               mf_w.l(fepilogue.o)
    0x08000d88   0x08000d88   0x000000ba   Code   RO         3905    .text               mf_w.l(depilogue.o)
    0x08000e42   0x08000e42   0x000000a2   Code   RO         3907    .text               mf_w.l(dsqrt.o)
    0x08000ee4   0x08000ee4   0x00000030   Code   RO         3909    .text               mf_w.l(dfixul.o)
    0x08000f14   0x08000f14   0x00000030   Code   RO         3913    .text               mf_w.l(cdrcmple.o)
    0x08000f44   0x08000f44   0x00000024   Code   RO         3919    .text               mc_w.l(init.o)
    0x08000f68   0x08000f68   0x0000004c   Code   RO         2685    i.ADC_ConversionStop_Disable  stm32f1xx_hal_adc.o
    0x08000fb4   0x08000fb4   0x0000004e   Code   RO         2686    i.ADC_DMAConvCplt   stm32f1xx_hal_adc.o
    0x08001002   0x08001002   0x0000001a   Code   RO         2687    i.ADC_DMAError      stm32f1xx_hal_adc.o
    0x0800101c   0x0800101c   0x0000000a   Code   RO         2688    i.ADC_DMAHalfConvCplt  stm32f1xx_hal_adc.o
    0x08001026   0x08001026   0x00000002   PAD
    0x08001028   0x08001028   0x00000070   Code   RO         2689    i.ADC_Enable        stm32f1xx_hal_adc.o
    0x08001098   0x08001098   0x00000002   Code   RO          307    i.BusFault_Handler  stm32f1xx_it.o
    0x0800109a   0x0800109a   0x00000002   PAD
    0x0800109c   0x0800109c   0x0000000c   Code   RO          308    i.DMA1_Channel1_IRQHandler  stm32f1xx_it.o
    0x080010a8   0x080010a8   0x0000001e   Code   RO          703    i.DMA_SetConfig     stm32f1xx_hal_dma.o
    0x080010c6   0x080010c6   0x00000002   Code   RO          309    i.DebugMon_Handler  stm32f1xx_it.o
    0x080010c8   0x080010c8   0x00000002   Code   RO          122    i.Error_Handler     main.o
    0x080010ca   0x080010ca   0x00000002   PAD
    0x080010cc   0x080010cc   0x00000068   Code   RO          551    i.GPIO_Config       oled.o
    0x08001134   0x08001134   0x00000004   Code   RO         3204    i.GUI_ClearSCR      lcmdrv.o
    0x08001138   0x08001138   0x00000004   Code   RO         3205    i.GUI_Exec          lcmdrv.o
    0x0800113c   0x0800113c   0x0000002c   Code   RO         3207    i.GUI_HLine         lcmdrv.o
    0x08001168   0x08001168   0x00000004   Code   RO         3208    i.GUI_Initialize    lcmdrv.o
    0x0800116c   0x0800116c   0x00000148   Code   RO         3066    i.GUI_LineWith      gui_basic.o
    0x080012b4   0x080012b4   0x00000006   Code   RO         3209    i.GUI_Point         lcmdrv.o
    0x080012ba   0x080012ba   0x00000002   PAD
    0x080012bc   0x080012bc   0x00000084   Code   RO         2987    i.GUI_PutChar       font5_7.o
    0x08001340   0x08001340   0x00000022   Code   RO         2989    i.GUI_PutString     font5_7.o
    0x08001362   0x08001362   0x0000002a   Code   RO         3210    i.GUI_RLine         lcmdrv.o
    0x0800138c   0x0800138c   0x0000000c   Code   RO         3167    i.GUI_SetColor      gui_stockc.o
    0x08001398   0x08001398   0x0000009c   Code   RO          123    i.GetPowerMag       main.o
    0x08001434   0x08001434   0x00000168   Code   RO         2691    i.HAL_ADC_ConfigChannel  stm32f1xx_hal_adc.o
    0x0800159c   0x0800159c   0x000000ac   Code   RO          124    i.HAL_ADC_ConvCpltCallback  main.o
    0x08001648   0x08001648   0x00000002   Code   RO         2693    i.HAL_ADC_ConvHalfCpltCallback  stm32f1xx_hal_adc.o
    0x0800164a   0x0800164a   0x00000002   Code   RO         2695    i.HAL_ADC_ErrorCallback  stm32f1xx_hal_adc.o
    0x0800164c   0x0800164c   0x00000134   Code   RO         2700    i.HAL_ADC_Init      stm32f1xx_hal_adc.o
    0x08001780   0x08001780   0x00000078   Code   RO          462    i.HAL_ADC_MspInit   adc.o
    0x080017f8   0x080017f8   0x0000010c   Code   RO         2707    i.HAL_ADC_Start_DMA  stm32f1xx_hal_adc.o
    0x08001904   0x08001904   0x0000004c   Code   RO         2710    i.HAL_ADC_Stop_DMA  stm32f1xx_hal_adc.o
    0x08001950   0x08001950   0x00000056   Code   RO          704    i.HAL_DMA_Abort     stm32f1xx_hal_dma.o
    0x080019a6   0x080019a6   0x00000002   PAD
    0x080019a8   0x080019a8   0x0000026c   Code   RO          708    i.HAL_DMA_IRQHandler  stm32f1xx_hal_dma.o
    0x08001c14   0x08001c14   0x00000050   Code   RO          709    i.HAL_DMA_Init      stm32f1xx_hal_dma.o
    0x08001c64   0x08001c64   0x00000058   Code   RO          712    i.HAL_DMA_Start_IT  stm32f1xx_hal_dma.o
    0x08001cbc   0x08001cbc   0x00000016   Code   RO         1694    i.HAL_Delay         stm32f1xx_hal.o
    0x08001cd2   0x08001cd2   0x00000002   PAD
    0x08001cd4   0x08001cd4   0x000001bc   Code   RO          783    i.HAL_GPIO_Init     stm32f1xx_hal_gpio.o
    0x08001e90   0x08001e90   0x0000000a   Code   RO          785    i.HAL_GPIO_ReadPin  stm32f1xx_hal_gpio.o
    0x08001e9a   0x08001e9a   0x0000000a   Code   RO          787    i.HAL_GPIO_WritePin  stm32f1xx_hal_gpio.o
    0x08001ea4   0x08001ea4   0x0000000c   Code   RO         1698    i.HAL_GetTick       stm32f1xx_hal.o
    0x08001eb0   0x08001eb0   0x00000010   Code   RO         1699    i.HAL_IncTick       stm32f1xx_hal.o
    0x08001ec0   0x08001ec0   0x00000024   Code   RO         1700    i.HAL_Init          stm32f1xx_hal.o
    0x08001ee4   0x08001ee4   0x00000022   Code   RO         1701    i.HAL_InitTick      stm32f1xx_hal.o
    0x08001f06   0x08001f06   0x00000002   PAD
    0x08001f08   0x08001f08   0x00000080   Code   RO            4    i.HAL_MspInit       stm32f1xx_hal_msp.o
    0x08001f88   0x08001f88   0x00000016   Code   RO          848    i.HAL_NVIC_EnableIRQ  stm32f1xx_hal_cortex.o
    0x08001f9e   0x08001f9e   0x00000002   PAD
    0x08001fa0   0x08001fa0   0x00000040   Code   RO          854    i.HAL_NVIC_SetPriority  stm32f1xx_hal_cortex.o
    0x08001fe0   0x08001fe0   0x00000024   Code   RO          855    i.HAL_NVIC_SetPriorityGrouping  stm32f1xx_hal_cortex.o
    0x08002004   0x08002004   0x0000012c   Code   RO         1515    i.HAL_RCCEx_PeriphCLKConfig  stm32f1xx_hal_rcc_ex.o
    0x08002130   0x08002130   0x00000188   Code   RO         1550    i.HAL_RCC_ClockConfig  stm32f1xx_hal_rcc.o
    0x080022b8   0x080022b8   0x0000000c   Code   RO         1555    i.HAL_RCC_GetHCLKFreq  stm32f1xx_hal_rcc.o
    0x080022c4   0x080022c4   0x00000030   Code   RO         1557    i.HAL_RCC_GetPCLK1Freq  stm32f1xx_hal_rcc.o
    0x080022f4   0x080022f4   0x00000030   Code   RO         1558    i.HAL_RCC_GetPCLK2Freq  stm32f1xx_hal_rcc.o
    0x08002324   0x08002324   0x00000088   Code   RO         1559    i.HAL_RCC_GetSysClockFreq  stm32f1xx_hal_rcc.o
    0x080023ac   0x080023ac   0x0000057e   Code   RO         1562    i.HAL_RCC_OscConfig  stm32f1xx_hal_rcc.o
    0x0800292a   0x0800292a   0x00000018   Code   RO          857    i.HAL_SYSTICK_CLKSourceConfig  stm32f1xx_hal_cortex.o
    0x08002942   0x08002942   0x00000002   Code   RO          858    i.HAL_SYSTICK_Callback  stm32f1xx_hal_cortex.o
    0x08002944   0x08002944   0x00000028   Code   RO          859    i.HAL_SYSTICK_Config  stm32f1xx_hal_cortex.o
    0x0800296c   0x0800296c   0x00000008   Code   RO          860    i.HAL_SYSTICK_IRQHandler  stm32f1xx_hal_cortex.o
    0x08002974   0x08002974   0x00000050   Code   RO         1838    i.HAL_TIMEx_MasterConfigSynchronization  stm32f1xx_hal_tim_ex.o
    0x080029c4   0x080029c4   0x00000036   Code   RO         2056    i.HAL_TIM_Base_Init  stm32f1xx_hal_tim.o
    0x080029fa   0x080029fa   0x00000002   PAD
    0x080029fc   0x080029fc   0x00000028   Code   RO          504    i.HAL_TIM_Base_MspInit  tim.o
    0x08002a24   0x08002a24   0x0000001a   Code   RO         2059    i.HAL_TIM_Base_Start  stm32f1xx_hal_tim.o
    0x08002a3e   0x08002a3e   0x000000f2   Code   RO         2065    i.HAL_TIM_ConfigClockSource  stm32f1xx_hal_tim.o
    0x08002b30   0x08002b30   0x0000005e   Code   RO         1292    i.HAL_UART_Init     stm32f1xx_hal_uart.o
    0x08002b8e   0x08002b8e   0x00000002   PAD
    0x08002b90   0x08002b90   0x00000058   Code   RO          390    i.HAL_UART_MspInit  usart.o
    0x08002be8   0x08002be8   0x000000cc   Code   RO         1300    i.HAL_UART_Transmit  stm32f1xx_hal_uart.o
    0x08002cb4   0x08002cb4   0x00000002   Code   RO          310    i.HardFault_Handler  stm32f1xx_it.o
    0x08002cb6   0x08002cb6   0x00000002   PAD
    0x08002cb8   0x08002cb8   0x000000e8   Code   RO          125    i.Key_Scan          main.o
    0x08002da0   0x08002da0   0x00000048   Code   RO          463    i.MX_ADC1_Init      adc.o
    0x08002de8   0x08002de8   0x0000002c   Code   RO          437    i.MX_DMA_Init       dma.o
    0x08002e14   0x08002e14   0x00000078   Code   RO          283    i.MX_GPIO_Init      gpio.o
    0x08002e8c   0x08002e8c   0x00000058   Code   RO          505    i.MX_TIM3_Init      tim.o
    0x08002ee4   0x08002ee4   0x00000038   Code   RO          391    i.MX_USART1_UART_Init  usart.o
    0x08002f1c   0x08002f1c   0x00000002   Code   RO          311    i.MemManage_Handler  stm32f1xx_it.o
    0x08002f1e   0x08002f1e   0x00000002   Code   RO          312    i.NMI_Handler       stm32f1xx_it.o
    0x08002f20   0x08002f20   0x00000020   Code   RO          861    i.NVIC_SetPriority  stm32f1xx_hal_cortex.o
    0x08002f40   0x08002f40   0x00000030   Code   RO          552    i.OLED_Clear        oled.o
    0x08002f70   0x08002f70   0x00000040   Code   RO          555    i.OLED_DrawPoint    oled.o
    0x08002fb0   0x08002fb0   0x000000f8   Code   RO          557    i.OLED_Init         oled.o
    0x080030a8   0x080030a8   0x0000004c   Code   RO          559    i.OLED_Refresh_Gram  oled.o
    0x080030f4   0x080030f4   0x0000005c   Code   RO          563    i.OLED_WR_Byte      oled.o
    0x08003150   0x08003150   0x00000002   Code   RO          313    i.PendSV_Handler    stm32f1xx_it.o
    0x08003152   0x08003152   0x00000002   Code   RO          314    i.SVC_Handler       stm32f1xx_it.o
    0x08003154   0x08003154   0x0000000e   Code   RO          315    i.SysTick_Handler   stm32f1xx_it.o
    0x08003162   0x08003162   0x0000007a   Code   RO          126    i.SystemClock_Config  main.o
    0x080031dc   0x080031dc   0x00000048   Code   RO          666    i.SystemInit        system_stm32f1xx.o
    0x08003224   0x08003224   0x00000064   Code   RO         2140    i.TIM_Base_SetConfig  stm32f1xx_hal_tim.o
    0x08003288   0x08003288   0x00000014   Code   RO         2147    i.TIM_ETR_SetConfig  stm32f1xx_hal_tim.o
    0x0800329c   0x0800329c   0x00000010   Code   RO         2148    i.TIM_ITRx_SetConfig  stm32f1xx_hal_tim.o
    0x080032ac   0x080032ac   0x00000022   Code   RO         2154    i.TIM_TI1_ConfigInputStage  stm32f1xx_hal_tim.o
    0x080032ce   0x080032ce   0x00000024   Code   RO         2156    i.TIM_TI2_ConfigInputStage  stm32f1xx_hal_tim.o
    0x080032f2   0x080032f2   0x00000002   PAD
    0x080032f4   0x080032f4   0x00000170   Code   RO         1311    i.UART_SetConfig    stm32f1xx_hal_uart.o
    0x08003464   0x08003464   0x00000092   Code   RO         1313    i.UART_WaitOnFlagUntilTimeout  stm32f1xx_hal_uart.o
    0x080034f6   0x080034f6   0x00000002   Code   RO          316    i.UsageFault_Handler  stm32f1xx_it.o
    0x080034f8   0x080034f8   0x00000020   Code   RO         3782    i.__0printf         mc_w.l(printfa.o)
    0x08003518   0x08003518   0x00000028   Code   RO         3784    i.__0sprintf        mc_w.l(printfa.o)
    0x08003540   0x08003540   0x0000000e   Code   RO         3923    i.__scatterload_copy  mc_w.l(handlers.o)
    0x0800354e   0x0800354e   0x00000002   Code   RO         3924    i.__scatterload_null  mc_w.l(handlers.o)
    0x08003550   0x08003550   0x0000000e   Code   RO         3925    i.__scatterload_zeroinit  mc_w.l(handlers.o)
    0x0800355e   0x0800355e   0x00000002   PAD
    0x08003560   0x08003560   0x0000000c   Code   RO         3897    i.__set_errno       mc_w.l(errno.o)
    0x0800356c   0x0800356c   0x00000184   Code   RO         3789    i._fp_digits        mc_w.l(printfa.o)
    0x080036f0   0x080036f0   0x000006dc   Code   RO         3790    i._printf_core      mc_w.l(printfa.o)
    0x08003dcc   0x08003dcc   0x00000024   Code   RO         3791    i._printf_post_padding  mc_w.l(printfa.o)
    0x08003df0   0x08003df0   0x0000002e   Code   RO         3792    i._printf_pre_padding  mc_w.l(printfa.o)
    0x08003e1e   0x08003e1e   0x0000000a   Code   RO         3794    i._sputc            mc_w.l(printfa.o)
    0x08003e28   0x08003e28   0x000000e0   Code   RO          127    i.display1          main.o
    0x08003f08   0x08003f08   0x000000e8   Code   RO          128    i.display2          main.o
    0x08003ff0   0x08003ff0   0x000000a0   Code   RO          129    i.display3          main.o
    0x08004090   0x08004090   0x000000bc   Code   RO          130    i.display4          main.o
    0x0800414c   0x0800414c   0x00000018   Code   RO          392    i.fputc             usart.o
    0x08004164   0x08004164   0x00000094   Code   RO          131    i.main              main.o
    0x080041f8   0x080041f8   0x0000004c   Code   RO         3535    i.sqrt              m_ws.l(sqrt.o)
    0x08004244   0x08004244   0x00000010   Data   RO          667    .constdata          system_stm32f1xx.o
    0x08004254   0x08004254   0x00000008   Data   RO          668    .constdata          system_stm32f1xx.o
    0x0800425c   0x0800425c   0x00000300   Data   RO         2990    .constdata          font5_7.o
    0x0800455c   0x0800455c   0x00000008   Data   RO         3168    .constdata          gui_stockc.o
    0x08004564   0x08004564   0x00000020   Data   RO         3921    Region$$Table       anon$$obj.o


    Execution Region RW_IRAM1 (Exec base: 0x20000000, Load base: 0x08004584, Size: 0x00001998, Max: 0x00005000, ABSOLUTE)

    Exec Addr    Load Addr    Size         Type   Attr      Idx    E Section Name        Object

    0x20000000   0x08004584   0x0000001b   Data   RW          135    .data               main.o
    0x2000001b   0x0800459f   0x00000001   PAD
    0x2000001c   0x080045a0   0x00000004   Data   RW          669    .data               system_stm32f1xx.o
    0x20000020   0x080045a4   0x00000004   Data   RW         1706    .data               stm32f1xx_hal.o
    0x20000024   0x080045a8   0x00000002   Data   RW         3169    .data               gui_stockc.o
    0x20000026   0x080045aa   0x00000002   PAD
    0x20000028   0x080045ac   0x00000004   Data   RW         3886    .data               mc_w.l(stdout.o)
    0x2000002c   0x080045b0   0x00000004   Data   RW         3898    .data               mc_w.l(errno.o)
    0x20000030        -       0x00000c80   Zero   RW          132    .bss                main.o
    0x20000cb0        -       0x00000040   Zero   RW          393    .bss                usart.o
    0x20000cf0        -       0x00000068   Zero   RW          464    .bss                adc.o
    0x20000d58        -       0x0000003c   Zero   RW          507    .bss                tim.o
    0x20000d94        -       0x00000800   Zero   RW          565    .bss                oled.o
    0x20001594   0x080045b4   0x00000004   PAD
    0x20001598        -       0x00000400   Zero   RW         2958    STACK               startup_stm32f103xb.o


==============================================================================

Image component sizes


      Code (inc. data)   RO Data    RW Data    ZI Data      Debug   Object Name

       192         32          0          0        104       1507   adc.o
         0          0          0          0          0        712   convertcolor.o
      1502       1008          0          0          0        264   cr4_fft_256_stm32.o
        44          4          0          0          0        658   dma.o
       166         18        768          0          0       1873   font5_7.o
       120         12          0          0          0        807   gpio.o
       328          0          0          0          0       1523   gui_basic.o
        12          4          8          2          0        991   gui_stockc.o
       104          0          0          0          0       3135   lcmdrv.o
      1636        168          0         27       3200       7938   main.o
       632         36          0          0       2048       4182   oled.o
        36          8        236          0       1024        732   startup_stm32f103xb.o
       120         16          0          4          0       3338   stm32f1xx_hal.o
      1318         52          0          0          0       8366   stm32f1xx_hal_adc.o
       228         14          0          0          0      27069   stm32f1xx_hal_cortex.o
       904          4          0          0          0       4107   stm32f1xx_hal_dma.o
       464         36          0          0          0       3523   stm32f1xx_hal_gpio.o
       128         10          0          0          0     468334   stm32f1xx_hal_msp.o
      2042         98          0          0          0       5556   stm32f1xx_hal_rcc.o
       300         12          0          0          0       1248   stm32f1xx_hal_rcc_ex.o
       528         14          0          0          0       6058   stm32f1xx_hal_tim.o
        80          0          0          0          0       1196   stm32f1xx_hal_tim_ex.o
       812          4          0          0          0       3824   stm32f1xx_hal_uart.o
        42          6          0          0          0       3873   stm32f1xx_it.o
        72         16         24          4          0       1035   system_stm32f1xx.o
       128         18          0          0         60       1414   tim.o
       168         24          0          0         64       1886   usart.o

    ----------------------------------------------------------------------
     12132       1616       1068         40       6504     565149   Object Totals
         0          0         32          0          0          0   (incl. Generated)
        26          2          0          3          4          0   (incl. Padding)

    ----------------------------------------------------------------------

      Code (inc. data)   RO Data    RW Data    ZI Data      Debug   Library Member Name

        76          0          0          0          0         84   sqrt.o
         0          0          0          0          0          0   entry.o
         0          0          0          0          0          0   entry10a.o
         0          0          0          0          0          0   entry11a.o
         8          4          0          0          0          0   entry2.o
         4          0          0          0          0          0   entry5.o
         0          0          0          0          0          0   entry7b.o
         0          0          0          0          0          0   entry8b.o
         8          4          0          0          0          0   entry9a.o
        12          6          0          4          0         68   errno.o
        30          0          0          0          0          0   handlers.o
        36          8          0          0          0         68   init.o
         0          0          0          0          0          0   iusefp.o
        30          0          0          0          0         68   llshl.o
        36          0          0          0          0         68   llsshr.o
        32          0          0          0          0         68   llushr.o
        36          0          0          0          0        108   memseta.o
      2308         96          0          0          0        604   printfa.o
         0          0          0          4          0          0   stdout.o
        44          0          0          0          0         80   uidiv.o
        98          0          0          0          0         92   uldiv.o
        48          0          0          0          0         68   cdrcmple.o
        56          0          0          0          0         88   d2f.o
       334          0          0          0          0        148   dadd.o
       222          0          0          0          0        100   ddiv.o
       186          0          0          0          0        176   depilogue.o
        48          0          0          0          0         68   dfixul.o
       228          0          0          0          0         96   dmul.o
        46          0          0          0          0         80   dscalb.o
       162          0          0          0          0        100   dsqrt.o
        38          0          0          0          0         68   f2d.o
       176          0          0          0          0        140   fadd.o
       110          0          0          0          0        168   fepilogue.o
        40          0          0          0          0         68   ffixui.o
        18          0          0          0          0         68   fflti.o
       100          0          0          0          0         76   fmul.o
        24          0          0          0          0         68   fscalb.o

    ----------------------------------------------------------------------
      4596        118          0          8          0       2888   Library Totals
         2          0          0          0          0          0   (incl. Padding)

    ----------------------------------------------------------------------

      Code (inc. data)   RO Data    RW Data    ZI Data      Debug   Library Name

        76          0          0          0          0         84   m_ws.l
      2682        118          0          8          0       1224   mc_w.l
      1836          0          0          0          0       1580   mf_w.l

    ----------------------------------------------------------------------
      4596        118          0          8          0       2888   Library Totals

    ----------------------------------------------------------------------

==============================================================================


      Code (inc. data)   RO Data    RW Data    ZI Data      Debug   

     16728       1734       1068         48       6504     561689   Grand Totals
     16728       1734       1068         48       6504     561689   ELF Image Totals
     16728       1734       1068         48          0          0   ROM Totals

==============================================================================

    Total RO  Size (Code + RO Data)                17796 (  17.38kB)
    Total RW  Size (RW Data + ZI Data)              6552 (   6.40kB)
    Total ROM Size (Code + RO Data + RW Data)      17844 (  17.43kB)

==============================================================================

