<html>
<body>
<pre>
<h1>µVision Build Log</h1>
<h2>Tool Versions:</h2>
IDE-Version: ¦ÌVision V5.27.1.0
Copyright (C) 2019 ARM Ltd and ARM Germany GmbH. All rights reserved.
License Information: Ray Allen, MDZS, LIC=VGXG8-3Y323-HL8CL-0J8L0-JPC1R-SUZXA
 
Tool Versions:
Toolchain:       MDK-ARM Plus  Version: 5.27.1.0
Toolchain Path:  D:\MySoftware\Keil5\softwarePath\ARM\ARMCC\Bin
C Compiler:      Armcc.exe V5.06 update 6 (build 750)
Assembler:       Armasm.exe V5.06 update 6 (build 750)
Linker/Locator:  ArmLink.exe V5.06 update 6 (build 750)
Library Manager: ArmAr.exe V5.06 update 6 (build 750)
Hex Converter:   FromElf.exe V5.06 update 6 (build 750)
CPU DLL:         SARMCM3.DLL V5.27.1.0
Dialog DLL:      DCM.DLL V1.17.2.0
Target DLL:      STLink\ST-LINKIII-KEIL_SWO.dll V3.0.6.0
Dialog DLL:      TCM.DLL V1.36.1.0
 
<h2>Project:</h2>
E:\STM32\FFT\MDK-ARM\FFT.uvprojx
Project File Date:  03/29/2024

<h2>Output:</h2>
*** Using Compiler 'V5.06 update 6 (build 750)', folder: 'D:\MySoftware\Keil5\softwarePath\ARM\ARMCC\Bin'
Rebuild target 'FFT'
compiling gpio.c...
compiling dma.c...
compiling adc.c...
assembling cr4_fft_256_stm32.s...
compiling usart.c...
assembling cr4_fft_1024_stm32.s...
compiling stm32f1xx_hal_msp.c...
compiling stm32f1xx_it.c...
compiling main.c...
../Inc/bg.h(137): warning:  #1-D: last line of file ends without a newline
  char gTITLE_bg[] =  "Tuner - DengWu";
../Src/main.c: 1 warning, 0 errors
compiling stm32f1xx_hal_flash.c...
compiling tim.c...
compiling oled.c...
compiling stm32f1xx_hal_gpio.c...
compiling system_stm32f1xx.c...
compiling stm32f1xx_hal_cortex.c...
compiling stm32f1xx_hal_dma.c...
compiling stm32f1xx_hal.c...
compiling stm32f1xx_hal_gpio_ex.c...
compiling stm32f1xx_hal_rcc_ex.c...
compiling stm32f1xx_hal_flash_ex.c...
compiling stm32f1xx_hal_pwr.c...
compiling stm32f1xx_hal_uart.c...
assembling startup_stm32f103xb.s...
compiling ConvertColor.c...
compiling font5_7.c...
compiling FONT8_8.C...
compiling FONT24_32.C...
compiling stm32f1xx_hal_rcc.c...
compiling GUI_StockC.C...
compiling loadbit.c...
compiling GUI_BASIC.C...
..\ZLG_GUI\GUI_BASIC.C(1202): warning:  #111-D: statement is unreachable
     GUI_HLine(x0_bak, y0_bak, x1_bak, color);
..\ZLG_GUI\GUI_BASIC.C: 1 warning, 0 errors
compiling menu.c...
compiling windows.c...
compiling spline.c...
compiling stm32f1xx_hal_tim_ex.c...
compiling stm32f1xx_hal_adc_ex.c...
compiling lcmdrv.c...
compiling stm32f1xx_hal_adc.c...
compiling stm32f1xx_hal_tim.c...
linking...
Program Size: Code=16728 RO-data=1068 RW-data=48 ZI-data=6504  
FromELF: creating hex file...
"FFT\FFT.axf" - 0 Error(s), 2 Warning(s).

<h2>Software Packages used:</h2>

Package Vendor: ARM
                http://www.keil.com/pack/ARM.CMSIS.5.5.1.pack
                ARM.CMSIS.5.5.1
                CMSIS (Cortex Microcontroller Software Interface Standard)
   * Component: CORE Version: 5.2.0

Package Vendor: Keil
                http://www.keil.com/pack/Keil.STM32F1xx_DFP.1.0.5.pack
                Keil.STM32F1xx_DFP.1.0.5
                STMicroelectronics STM32F1 Series Device Support, Drivers and Examples

<h2>Collection of Component include folders:</h2>
  .\RTE\_FFT
  D:\MySoftware\Keil5\softwarePath\Packs\ARM\CMSIS\5.5.1\CMSIS\Core\Include
  D:\MySoftware\Keil5\softwarePath\Packs\Keil\STM32F1xx_DFP\1.0.5\Device\Include

<h2>Collection of Component Files used:</h2>

   * Component: ARM::CMSIS:CORE:5.2.0
Build Time Elapsed:  00:00:19
</pre>
</body>
</html>
